Component: ARM Compiler 5.06 update 6 (build 750) Tool: armlink [4d35ed]

==============================================================================

Section Cross References

    startup_stm32f10x_hd.o(STACK) refers (Special) to heapauxi.o(.text) for __use_two_region_memory
    startup_stm32f10x_hd.o(HEAP) refers (Special) to heapauxi.o(.text) for __use_two_region_memory
    startup_stm32f10x_hd.o(RESET) refers (Special) to heapauxi.o(.text) for __use_two_region_memory
    startup_stm32f10x_hd.o(RESET) refers to startup_stm32f10x_hd.o(STACK) for __initial_sp
    startup_stm32f10x_hd.o(RESET) refers to startup_stm32f10x_hd.o(.text) for Reset_Handler
    startup_stm32f10x_hd.o(RESET) refers to stm32f10x_it.o(.text) for NMI_Handler
    startup_stm32f10x_hd.o(.text) refers (Special) to heapauxi.o(.text) for __use_two_region_memory
    startup_stm32f10x_hd.o(.text) refers to system_stm32f10x.o(.text) for SystemInit
    startup_stm32f10x_hd.o(.text) refers to __main.o(!!!main) for __main
    startup_stm32f10x_hd.o(.text) refers to startup_stm32f10x_hd.o(HEAP) for Heap_Mem
    startup_stm32f10x_hd.o(.text) refers to startup_stm32f10x_hd.o(STACK) for Stack_Mem
    system_stm32f10x.o(.text) refers to system_stm32f10x.o(.data) for SystemCoreClock
    stm32f10x_pwm.o(.text) refers to stm32f10x_rcc.o(.text) for RCC_APB1PeriphClockCmd
    stm32f10x_pwm.o(.text) refers to stm32f10x_tim.o(.text) for TIM_TimeBaseInit
    stm32f10x_pwm.o(.text) refers to stm32f10x_gpio.o(.text) for GPIO_Init
    stm32f10x_pwm.o(.text) refers to dflt_clz.o(x$fpl$dfltu) for __aeabi_ui2d
    stm32f10x_pwm.o(.text) refers to ddiv.o(x$fpl$ddiv) for __aeabi_ddiv
    stm32f10x_pwm.o(.text) refers to dmul.o(x$fpl$dmul) for __aeabi_dmul
    stm32f10x_pwm.o(.text) refers to daddsub_clz.o(x$fpl$dadd) for __aeabi_dadd
    stm32f10x_pwm.o(.text) refers to dfixu.o(x$fpl$dfixu) for __aeabi_d2uiz
    stm32f10x_pwm.o(.text) refers to misc.o(.text) for NVIC_Init
    stm32f10x_adc.o(.text) refers to stm32f10x_rcc.o(.text) for RCC_AHBPeriphClockCmd
    stm32f10x_adc.o(.text) refers to stm32f10x_gpio.o(.text) for GPIO_Init
    stm32f10x_adc.o(.text) refers to stm32f10x_dma.o(.text) for DMA_DeInit
    stm32f10x_adc.o(.text) refers to main.o(.data) for ADC_ConvertedValue
    stm32f10x_bkp.o(.text) refers to stm32f10x_rcc.o(.text) for RCC_BackupResetCmd
    stm32f10x_can.o(.text) refers to stm32f10x_rcc.o(.text) for RCC_APB1PeriphResetCmd
    stm32f10x_can.o(.text) refers to stm32f10x_gpio.o(.text) for GPIO_PinRemapConfig
    stm32f10x_can.o(.text) refers to misc.o(.text) for NVIC_PriorityGroupConfig
    stm32f10x_cec.o(.text) refers to stm32f10x_rcc.o(.text) for RCC_APB1PeriphResetCmd
    stm32f10x_dac.o(.text) refers to stm32f10x_rcc.o(.text) for RCC_APB2PeriphClockCmd
    stm32f10x_dac.o(.text) refers to stm32f10x_gpio.o(.text) for GPIO_Init
    stm32f10x_dac.o(.text) refers to stm32f10x_tim.o(.text) for TIM_TimeBaseInit
    stm32f10x_dac.o(.text) refers to stm32f10x_dma.o(.text) for DMA_Init
    stm32f10x_gpio.o(.text) refers to stm32f10x_rcc.o(.text) for RCC_APB2PeriphClockCmd
    stm32f10x_gpio.o(.text) refers to misc.o(.text) for NVIC_PriorityGroupConfig
    stm32f10x_gpio.o(.text) refers to stm32f10x_exti.o(.text) for EXTI_Init
    stm32f10x_i2c.o(.text) refers to stm32f10x_rcc.o(.text) for RCC_GetClocksFreq
    stm32f10x_i2c.o(.text) refers to stm32f10x_gpio.o(.text) for GPIO_Init
    stm32f10x_pwr.o(.text) refers to stm32f10x_rcc.o(.text) for RCC_APB1PeriphResetCmd
    stm32f10x_rcc.o(.text) refers to stm32f10x_rcc.o(.data) for APBAHBPrescTable
    stm32f10x_spi.o(.text) refers to stm32f10x_rcc.o(.text) for RCC_APB2PeriphClockCmd
    stm32f10x_spi.o(.text) refers to stm32f10x_gpio.o(.text) for GPIO_Init
    stm32f10x_tim.o(.text) refers to misc.o(.text) for NVIC_PriorityGroupConfig
    stm32f10x_tim.o(.text) refers to stm32f10x_rcc.o(.text) for RCC_APB1PeriphClockCmd
    stm32f10x_usart.o(.text) refers to stm32f10x_rcc.o(.text) for RCC_APB2PeriphResetCmd
    stm32f10x_wwdg.o(.text) refers to stm32f10x_rcc.o(.text) for RCC_APB1PeriphResetCmd
    main.o(.text) refers to stm32f10x_delay.o(.text) for SysTick_Init
    main.o(.text) refers to stm32f10x_gpio.o(.text) for My_GPIO_Init
    main.o(.text) refers to bsp_uart.o(.text) for USART1_Config
    main.o(.text) refers to dji_motor.o(.text) for DiffX2_Wheel_Speed_Model
    main.o(.text) refers to stm32f10x_tim.o(.text) for Timer_2to7_counter_Generalfuncation
    main.o(.text) refers to adc.o(.text) for Adc_Init
    main.o(.text) refers to dbus.o(.text) for Sbus_Data_Count
    main.o(.text) refers to dflt_clz.o(x$fpl$dflt) for __aeabi_i2d
    main.o(.text) refers to dmul.o(x$fpl$dmul) for __aeabi_dmul
    main.o(.text) refers to d2f.o(x$fpl$d2f) for __aeabi_d2f
    main.o(.text) refers to dbus.o(.bss) for dbus_rc
    main.o(.text) refers to main.o(.data) for UART1_DMA_Flag
    main.o(.text) refers to stm32f10x_it.o(.bss) for USART1_RX_BUF
    main.o(.text) refers to fflt_clz.o(x$fpl$fflt) for __aeabi_i2f
[...]
    SetSysClock                              0x080002e3   Thumb Code     8  system_stm32f10x.o(.text)
    .text                                    0x080003ec   Section        0  stm32f10x_pwm.o(.text)
    .text                                    0x080011c4   Section        0  misc.o(.text)
    .text                                    0x080012a0   Section        0  stm32f10x_adc.o(.text)
    .text                                    0x08001c24   Section        0  stm32f10x_can.o(.text)
    CheckITStatus                            0x080025a3   Thumb Code    18  stm32f10x_can.o(.text)
    .text                                    0x0800277c   Section        0  stm32f10x_dma.o(.text)
    .text                                    0x080029d0   Section        0  stm32f10x_exti.o(.text)
    .text                                    0x08002aec   Section        0  stm32f10x_gpio.o(.text)
    .text                                    0x0800310c   Section        0  stm32f10x_rcc.o(.text)
    .text                                    0x080034b0   Section        0  stm32f10x_tim.o(.text)
    TI4_Config                               0x08003d61   Thumb Code   130  stm32f10x_tim.o(.text)
    TI3_Config                               0x08003df5   Thumb Code   122  stm32f10x_tim.o(.text)
    TI2_Config                               0x08003e89   Thumb Code   130  stm32f10x_tim.o(.text)
    TI1_Config                               0x08003f1d   Thumb Code   108  stm32f10x_tim.o(.text)
    .text                                    0x080046a4   Section        0  stm32f10x_usart.o(.text)
    .text                                    0x08004aac   Section        0  main.o(.text)
    .text                                    0x08005554   Section        0  stm32f10x_it.o(.text)
    .text                                    0x08005ad8   Section        0  stm32f10x_delay.o(.text)
    .text                                    0x08005be8   Section        0  bsp_uart.o(.text)
    .text                                    0x080064b4   Section        0  dbus.o(.text)
    .text                                    0x08006de4   Section        0  dji_motor.o(.text)
    pid_reset                                0x08007d3b   Thumb Code     8  dji_motor.o(.text)
    .text                                    0x08008028   Section        0  adc.o(.text)
    .text                                    0x08008108   Section       78  rt_memclr_w.o(.text)
    .text                                    0x08008156   Section        0  heapauxi.o(.text)
    .text                                    0x0800815c   Section        8  libspace.o(.text)
    .text                                    0x08008164   Section       74  sys_stackheap_outer.o(.text)
    .text                                    0x080081ae   Section        0  exit.o(.text)
    .text                                    0x080081c0   Section        0  sys_exit.o(.text)
    .text                                    0x080081cc   Section        2  use_no_semi.o(.text)
    .text                                    0x080081ce   Section        0  indicate_semi.o(.text)
    x$fpl$d2f                                0x080081d0   Section       98  d2f.o(x$fpl$d2f)
    x$fpl$dadd                               0x08008234   Section      336  daddsub_clz.o(x$fpl$dadd)
    _dadd1                                   0x08008245   Thumb Code     0  daddsub_clz.o(x$fpl$dadd)
    x$fpl$dcmpinf                            0x08008384   Section       24  dcmpi.o(x$fpl$dcmpinf)
    x$fpl$ddiv                               0x0800839c   Section      688  ddiv.o(x$fpl$ddiv)
    ddiv_entry                               0x080083a3   Thumb Code     0  ddiv.o(x$fpl$ddiv)
    x$fpl$dfix                               0x0800864c   Section       94  dfix.o(x$fpl$dfix)
    x$fpl$dfixu                              0x080086ac   Section       90  dfixu.o(x$fpl$dfixu)
    x$fpl$dflt                               0x08008706   Section       46  dflt_clz.o(x$fpl$dflt)
    x$fpl$dfltu                              0x08008734   Section       38  dflt_clz.o(x$fpl$dfltu)
    x$fpl$dleqf                              0x0800875c   Section      120  dleqf.o(x$fpl$dleqf)
    x$fpl$dmul                               0x080087d4   Section      340  dmul.o(x$fpl$dmul)
    x$fpl$dnaninf                            0x08008928   Section      156  dnaninf.o(x$fpl$dnaninf)
    x$fpl$dretinf                            0x080089c4   Section       12  dretinf.o(x$fpl$dretinf)
    x$fpl$drleqf                             0x080089d0   Section      108  drleqf.o(x$fpl$drleqf)
    x$fpl$dsub                               0x08008a3c   Section      468  daddsub_clz.o(x$fpl$dsub)
    _dsub1                                   0x08008a4d   Thumb Code     0  daddsub_clz.o(x$fpl$dsub)
    x$fpl$f2d                                0x08008c10   Section       86  f2d.o(x$fpl$f2d)
    x$fpl$fadd                               0x08008c68   Section      196  faddsub_clz.o(x$fpl$fadd)
    _fadd1                                   0x08008c77   Thumb Code     0  faddsub_clz.o(x$fpl$fadd)
    x$fpl$fcmpinf                            0x08008d2c   Section       24  fcmpi.o(x$fpl$fcmpinf)
    x$fpl$fdiv                               0x08008d44   Section      388  fdiv.o(x$fpl$fdiv)
    _fdiv1                                   0x08008d45   Thumb Code     0  fdiv.o(x$fpl$fdiv)
    x$fpl$feqf                               0x08008ec8   Section      104  feqf.o(x$fpl$feqf)
    x$fpl$ffix                               0x08008f30   Section       54  ffix.o(x$fpl$ffix)
    x$fpl$fflt                               0x08008f68   Section       48  fflt_clz.o(x$fpl$fflt)
    x$fpl$ffltu                              0x08008f98   Section       38  fflt_clz.o(x$fpl$ffltu)
    x$fpl$fleqf                              0x08008fc0   Section      104  fleqf.o(x$fpl$fleqf)
    x$fpl$fmul                               0x08009028   Section      258  fmul.o(x$fpl$fmul)
    x$fpl$fnaninf                            0x0800912a   Section      140  fnaninf.o(x$fpl$fnaninf)
    x$fpl$fretinf                            0x080091b6   Section       10  fretinf.o(x$fpl$fretinf)
    x$fpl$frleqf                             0x080091c0   Section       98  frleqf.o(x$fpl$frleqf)
    x$fpl$frsb                               0x08009222   Section       20  faddsub_clz.o(x$fpl$frsb)
    x$fpl$fsub                               0x08009238   Section      234  faddsub_clz.o(x$fpl$fsub)
    _fsub1                                   0x08009247   Thumb Code     0  faddsub_clz.o(x$fpl$fsub)
    x$fpl$usenofp                            0x08009322   Section        0  usenofp.o(x$fpl$usenofp)
    .constdata                               0x08009324   Section        9  stm32f10x_it.o(.constdata)
    .data                                    0x20000000   Section       20  system_stm32f10x.o(.data)
    .data                                    0x20000014   Section       20  stm32f10x_rcc.o(.data)
    APBAHBPrescTable                         0x20000014   Data          16  stm32f10x_rcc.o(.data)
    ADCPrescTable                            0x20000024   Data           4  stm32f10x_rcc.o(.data)
    .data                                    0x20000028   Section       56  main.o(.data)
    IMU_upload_counter                       0x20000058   Data           4  main.o(.data)
    S_upload_counter                         0x2000005c   Data           4  main.o(.data)
    .data                                    0x20000060   Section       20  stm32f10x_it.o(.data)
    Rx_Sta                                   0x20000070   Data           1  stm32f10x_it.o(.data)
    Rx_Sta                                   0x20000071   Data           1  stm32f10x_it.o(.data)
    ucRxCnt                                  0x20000072   Data           1  stm32f10x_it.o(.data)
    ucRxCnt                                  0x20000073   Data           1  stm32f10x_it.o(.data)
    .data                                    0x20000074   Section       32  dbus.o(.data)
    .data                                    0x20000094   Section      105  dji_motor.o(.data)
    i                                        0x200000fb   Data           1  dji_motor.o(.data)
    j                                        0x200000fc   Data           1  dji_motor.o(.data)
    .data                                    0x200000fd   Section        6  yn800.o(.data)
    .bss                                     0x20000104   Section      652  stm32f10x_it.o(.bss)
    ucRxBuffer                               0x2000019c   Data         250  stm32f10x_it.o(.bss)
    ucRxBuffer                               0x20000296   Data         250  stm32f10x_it.o(.bss)
    .bss                                     0x20000390   Section       25  bsp_uart.o(.bss)
    .bss                                     0x200003aa   Section      110  dbus.o(.bss)
    .bss                                     0x20000418   Section      760  dji_motor.o(.bss)
    .bss                                     0x20000710   Section       96  libspace.o(.bss)
    HEAP                                     0x20000770   Section      512  startup_stm32f10x_hd.o(HEAP)
    Heap_Mem                                 0x20000770   Data         512  startup_stm32f10x_hd.o(HEAP)
    STACK                                    0x20000970   Section     1024  startup_stm32f10x_hd.o(STACK)
    Stack_Mem                                0x20000970   Data        1024  startup_stm32f10x_hd.o(STACK)
    __initial_sp                             0x20000d70   Data           0  startup_stm32f10x_hd.o(STACK)

    Global Symbols

    Symbol Name                              Value     Ov Type        Size  Object(Section)

    BuildAttributes$$THM_ISAv4$P$D$K$B$S$PE$A:L22UL41UL21$X:L11$S22US41US21$IEEE1$IW$USESV6$~STKCKD$USESV7$~SHL$OTIME$ROPI$IEEEJ$EBA8$UX$STANDARDLIB$REQ8$PRES8$EABIv2 0x00000000   Number         0  anon$$obj.o ABSOLUTE
    __ARM_use_no_argv                        0x00000000   Number         0  main.o ABSOLUTE
    __ARM_exceptions_init                     - Undefined Weak Reference
    __alloca_initialize                       - Undefined Weak Reference
    __arm_preinit_                            - Undefined Weak Reference
    __cpp_initialize__aeabi_                  - Undefined Weak Reference
    __cxa_finalize                            - Undefined Weak Reference
    __rt_locale                               - Undefined Weak Reference
    __sigvec_lookup                           - Undefined Weak Reference
    _atexit_init                              - Undefined Weak Reference
    _call_atexit_fns                          - Undefined Weak Reference
    _clock_init                               - Undefined Weak Reference
    _fp_trap_init                             - Undefined Weak Reference
    _fp_trap_shutdown                         - Undefined Weak Reference
    _get_lc_collate                           - Undefined Weak Reference
    _get_lc_ctype                             - Undefined Weak Reference
    _get_lc_monetary                          - Undefined Weak Reference
    _get_lc_numeric                           - Undefined Weak Reference
    _get_lc_time                              - Undefined Weak Reference
    _getenv_init                              - Undefined Weak Reference
    _handle_redirection                       - Undefined Weak Reference
    _init_alloc                               - Undefined Weak Reference
    _init_user_alloc                          - Undefined Weak Reference
    _initio                                   - Undefined Weak Reference
    _rand_init                                - Undefined Weak Reference
    _signal_finish                            - Undefined Weak Reference
    _signal_init                              - Undefined Weak Reference
    _terminate_alloc                          - Undefined Weak Reference
    _terminate_user_alloc                     - Undefined Weak Reference
    _terminateio                              - Undefined Weak Reference
    __Vectors_Size                           0x00000130   Number         0  startup_stm32f10x_hd.o ABSOLUTE
    __Vectors                                0x08000000   Data           4  startup_stm32f10x_hd.o(RESET)
    __Vectors_End                            0x08000130   Data           0  startup_stm32f10x_hd.o(RESET)
    __main                                   0x08000131   Thumb Code     8  __main.o(!!!main)
    __scatterload                            0x08000139   Thumb Code     0  __scatter.o(!!!scatter)
    __scatterload_rt2                        0x08000139   Thumb Code    44  __scatter.o(!!!scatter)
    __scatterload_rt2_thumb_only             0x08000139   Thumb Code     0  __scatter.o(!!!scatter)
    __scatterload_null                       0x08000147   Thumb Code     0  __scatter.o(!!!scatter)
    __scatterload_copy                       0x0800016d   Thumb Code    26  __scatter_copy.o(!!handler_copy)
    __scatterload_zeroinit                   0x08000189   Thumb Code    28  __scatter_zi.o(!!handler_zi)
    __rt_lib_init                            0x080001a5   Thumb Code     0  libinit.o(.ARM.Collect$$libinit$$00000000)
    __rt_lib_init_alloca_1                   0x080001a7   Thumb Code     0  libinit2.o(.ARM.Collect$$libinit$$0000002E)
    __rt_lib_init_argv_1                     0x080001a7   Thumb Code     0  libinit2.o(.ARM.Collect$$libinit$$0000002C)
    __rt_lib_init_atexit_1                   0x080001a7   Thumb Code     0  libinit2.o(.ARM.Collect$$libinit$$0000001B)
    __rt_lib_init_clock_1                    0x080001a7   Thumb Code     0  libinit2.o(.ARM.Collect$$libinit$$00000021)
    __rt_lib_init_cpp_1                      0x080001a7   Thumb Code     0  libinit2.o(.ARM.Collect$$libinit$$00000032)
    __rt_lib_init_exceptions_1               0x080001a7   Thumb Code     0  libinit2.o(.ARM.Collect$$libinit$$00000030)
    __rt_lib_init_fp_1                       0x080001a7   Thumb Code     0  libinit2.o(.ARM.Collect$$libinit$$00000002)
    __rt_lib_init_fp_trap_1                  0x080001a7   Thumb Code     0  libinit2.o(.ARM.Collect$$libinit$$0000001F)
    __rt_lib_init_getenv_1                   0x080001a7   Thumb Code     0  libinit2.o(.ARM.Collect$$libinit$$00000023)
    __rt_lib_init_heap_1                     0x080001a7   Thumb Code     0  libinit2.o(.ARM.Collect$$libinit$$0000000A)
    __rt_lib_init_lc_collate_1               0x080001a7   Thumb Code     0  libinit2.o(.ARM.Collect$$libinit$$00000011)
    __rt_lib_init_lc_ctype_1                 0x080001a7   Thumb Code     0  libinit2.o(.ARM.Collect$$libinit$$00000013)
    __rt_lib_init_lc_monetary_1              0x080001a7   Thumb Code     0  libinit2.o(.ARM.Collect$$libinit$$00000015)
    __rt_lib_init_lc_numeric_1               0x080001a7   Thumb Code     0  libinit2.o(.ARM.Collect$$libinit$$00000017)
    __rt_lib_init_lc_time_1                  0x080001a7   Thumb Code     0  libinit2.o(.ARM.Collect$$libinit$$00000019)
    __rt_lib_init_preinit_1                  0x080001a7   Thumb Code     0  libinit2.o(.ARM.Collect$$libinit$$00000004)
    __rt_lib_init_rand_1                     0x080001a7   Thumb Code     0  libinit2.o(.ARM.Collect$$libinit$$0000000E)
    __rt_lib_init_return                     0x080001a7   Thumb Code     0  libinit2.o(.ARM.Collect$$libinit$$00000033)
    __rt_lib_init_signal_1                   0x080001a7   Thumb Code     0  libinit2.o(.ARM.Collect$$libinit$$0000001D)
    __rt_lib_init_stdio_1                    0x080001a7   Thumb Code     0  libinit2.o(.ARM.Collect$$libinit$$00000025)
    __rt_lib_init_user_alloc_1               0x080001a7   Thumb Code     0  libinit2.o(.ARM.Collect$$libinit$$0000000C)
    __rt_lib_shutdown                        0x080001a9   Thumb Code     0  libshutdown.o(.ARM.Collect$$libshutdown$$00000000)
    __rt_lib_shutdown_cpp_1                  0x080001ab   Thumb Code     0  libshutdown2.o(.ARM.Collect$$libshutdown$$00000002)
    __rt_lib_shutdown_fp_trap_1              0x080001ab   Thumb Code     0  libshutdown2.o(.ARM.Collect$$libshutdown$$00000007)
    __rt_lib_shutdown_heap_1                 0x080001ab   Thumb Code     0  libshutdown2.o(.ARM.Collect$$libshutdown$$0000000F)
    __rt_lib_shutdown_return                 0x080001ab   Thumb Code     0  libshutdown2.o(.ARM.Collect$$libshutdown$$00000010)
    __rt_lib_shutdown_signal_1               0x080001ab   Thumb Code     0  libshutdown2.o(.ARM.Collect$$libshutdown$$0000000A)
    __rt_lib_shutdown_stdio_1                0x080001ab   Thumb Code     0  libshutdown2.o(.ARM.Collect$$libshutdown$$00000004)
    __rt_lib_shutdown_user_alloc_1           0x080001ab   Thumb Code     0  libshutdown2.o(.ARM.Collect$$libshutdown$$0000000C)
    __rt_entry                               0x080001ad   Thumb Code     0  __rtentry.o(.ARM.Collect$$rtentry$$00000000)
    __rt_entry_presh_1                       0x080001ad   Thumb Code     0  __rtentry2.o(.ARM.Collect$$rtentry$$00000002)
    __rt_entry_sh                            0x080001ad   Thumb Code     0  __rtentry4.o(.ARM.Collect$$rtentry$$00000004)
    __rt_entry_li                            0x080001b3   Thumb Code     0  __rtentry2.o(.ARM.Collect$$rtentry$$0000000A)
    __rt_entry_postsh_1                      0x080001b3   Thumb Code     0  __rtentry2.o(.ARM.Collect$$rtentry$$00000009)
    __rt_entry_main                          0x080001b7   Thumb Code     0  __rtentry2.o(.ARM.Collect$$rtentry$$0000000D)
    __rt_entry_postli_1                      0x080001b7   Thumb Code     0  __rtentry2.o(.ARM.Collect$$rtentry$$0000000C)
    __rt_exit                                0x080001bf   Thumb Code     0  rtexit.o(.ARM.Collect$$rtexit$$00000000)
    __rt_exit_ls                             0x080001c1   Thumb Code     0  rtexit2.o(.ARM.Collect$$rtexit$$00000003)
    __rt_exit_prels_1                        0x080001c1   Thumb Code     0  rtexit2.o(.ARM.Collect$$rtexit$$00000002)
    __rt_exit_exit                           0x080001c5   Thumb Code     0  rtexit2.o(.ARM.Collect$$rtexit$$00000004)
    Reset_Handler                            0x080001cd   Thumb Code     8  startup_stm32f10x_hd.o(.text)
    ADC1_2_IRQHandler                        0x080001e7   Thumb Code     0  startup_stm32f10x_hd.o(.text)
    ADC3_IRQHandler                          0x080001e7   Thumb Code     0  startup_stm32f10x_hd.o(.text)
    CAN1_RX1_IRQHandler                      0x080001e7   Thumb Code     0  startup_stm32f10x_hd.o(.text)
    CAN1_SCE_IRQHandler                      0x080001e7   Thumb Code     0  startup_stm32f10x_hd.o(.text)
    DMA1_Channel1_IRQHandler                 0x080001e7   Thumb Code     0  startup_stm32f10x_hd.o(.text)
    DMA1_Channel2_IRQHandler                 0x080001e7   Thumb Code     0  startup_stm32f10x_hd.o(.text)
    DMA1_Channel3_IRQHandler                 0x080001e7   Thumb Code     0  startup_stm32f10x_hd.o(.text)
    DMA1_Channel4_IRQHandler                 0x080001e7   Thumb Code     0  startup_stm32f10x_hd.o(.text)
    DMA1_Channel6_IRQHandler                 0x080001e7   Thumb Code     0  startup_stm32f10x_hd.o(.text)
    DMA1_Channel7_IRQHandler                 0x080001e7   Thumb Code     0  startup_stm32f10x_hd.o(.text)
    DMA2_Channel1_IRQHandler                 0x080001e7   Thumb Code     0  startup_stm32f10x_hd.o(.text)
    DMA2_Channel2_IRQHandler                 0x080001e7   Thumb Code     0  startup_stm32f10x_hd.o(.text)
    DMA2_Channel3_IRQHandler                 0x080001e7   Thumb Code     0  startup_stm32f10x_hd.o(.text)
    DMA2_Channel4_5_IRQHandler               0x080001e7   Thumb Code     0  startup_stm32f10x_hd.o(.text)
    EXTI15_10_IRQHandler                     0x080001e7   Thumb Code     0  startup_stm32f10x_hd.o(.text)
    EXTI1_IRQHandler                         0x080001e7   Thumb Code     0  startup_stm32f10x_hd.o(.text)
    EXTI2_IRQHandler                         0x080001e7   Thumb Code     0  startup_stm32f10x_hd.o(.text)
    EXTI3_IRQHandler                         0x080001e7   Thumb Code     0  startup_stm32f10x_hd.o(.text)
    EXTI4_IRQHandler                         0x080001e7   Thumb Code     0  startup_stm32f10x_hd.o(.text)
    FLASH_IRQHandler                         0x080001e7   Thumb Code     0  startup_stm32f10x_hd.o(.text)
    FSMC_IRQHandler                          0x080001e7   Thumb Code     0  startup_stm32f10x_hd.o(.text)
    I2C1_ER_IRQHandler                       0x080001e7   Thumb Code     0  startup_stm32f10x_hd.o(.text)
    I2C1_EV_IRQHandler                       0x080001e7   Thumb Code     0  startup_stm32f10x_hd.o(.text)
    I2C2_ER_IRQHandler                       0x080001e7   Thumb Code     0  startup_stm32f10x_hd.o(.text)
    I2C2_EV_IRQHandler                       0x080001e7   Thumb Code     0  startup_stm32f10x_hd.o(.text)
    PVD_IRQHandler                           0x080001e7   Thumb Code     0  startup_stm32f10x_hd.o(.text)
    RCC_IRQHandler                           0x080001e7   Thumb Code     0  startup_stm32f10x_hd.o(.text)
    RTCAlarm_IRQHandler                      0x080001e7   Thumb Code     0  startup_stm32f10x_hd.o(.text)
    RTC_IRQHandler                           0x080001e7   Thumb Code     0  startup_stm32f10x_hd.o(.text)
    SPI1_IRQHandler                          0x080001e7   Thumb Code     0  startup_stm32f10x_hd.o(.text)
    SPI2_IRQHandler                          0x080001e7   Thumb Code     0  startup_stm32f10x_hd.o(.text)
    SPI3_IRQHandler                          0x080001e7   Thumb Code     0  startup_stm32f10x_hd.o(.text)
    TAMPER_IRQHandler                        0x080001e7   Thumb Code     0  startup_stm32f10x_hd.o(.text)
    TIM1_BRK_IRQHandler                      0x080001e7   Thumb Code     0  startup_stm32f10x_hd.o(.text)
    TIM1_CC_IRQHandler                       0x080001e7   Thumb Code     0  startup_stm32f10x_hd.o(.text)
    TIM1_TRG_COM_IRQHandler                  0x080001e7   Thumb Code     0  startup_stm32f10x_hd.o(.text)
    TIM1_UP_IRQHandler                       0x080001e7   Thumb Code     0  startup_stm32f10x_hd.o(.text)
    TIM4_IRQHandler                          0x080001e7   Thumb Code     0  startup_stm32f10x_hd.o(.text)
    TIM5_IRQHandler                          0x080001e7   Thumb Code     0  startup_stm32f10x_hd.o(.text)
    TIM6_IRQHandler                          0x080001e7   Thumb Code     0  startup_stm32f10x_hd.o(.text)
    TIM7_IRQHandler                          0x080001e7   Thumb Code     0  startup_stm32f10x_hd.o(.text)
    TIM8_BRK_IRQHandler                      0x080001e7   Thumb Code     0  startup_stm32f10x_hd.o(.text)
    TIM8_CC_IRQHandler                       0x080001e7   Thumb Code     0  startup_stm32f10x_hd.o(.text)
    TIM8_TRG_COM_IRQHandler                  0x080001e7   Thumb Code     0  startup_stm32f10x_hd.o(.text)
    TIM8_UP_IRQHandler                       0x080001e7   Thumb Code     0  startup_stm32f10x_hd.o(.text)
    UART4_IRQHandler                         0x080001e7   Thumb Code     0  startup_stm32f10x_hd.o(.text)
    USBWakeUp_IRQHandler                     0x080001e7   Thumb Code     0  startup_stm32f10x_hd.o(.text)
    USB_HP_CAN1_TX_IRQHandler                0x080001e7   Thumb Code     0  startup_stm32f10x_hd.o(.text)
    WWDG_IRQHandler                          0x080001e7   Thumb Code     0  startup_stm32f10x_hd.o(.text)
    __user_initial_stackheap                 0x080001e9   Thumb Code     0  startup_stm32f10x_hd.o(.text)
    SystemInit                               0x080002eb   Thumb Code    78  system_stm32f10x.o(.text)
    SystemCoreClockUpdate                    0x08000339   Thumb Code   142  system_stm32f10x.o(.text)
    PWM_config_Init                          0x080003ed   Thumb Code  1798  stm32f10x_pwm.o(.text)
    PWM_Duty_Change                          0x08000af3   Thumb Code  1336  stm32f10x_pwm.o(.text)
    Time4_ExternPulse_CountMode_Init         0x0800102b   Thumb Code   126  stm32f10x_pwm.o(.text)
    Time4_CaptureMode_Init                   0x080010a9   Thumb Code   274  stm32f10x_pwm.o(.text)
    NVIC_PriorityGroupConfig                 0x080011c5   Thumb Code    10  misc.o(.text)
    NVIC_Init                                0x080011cf   Thumb Code   100  misc.o(.text)
    NVIC_SetVectorTable                      0x08001233   Thumb Code    14  misc.o(.text)
    NVIC_SystemLPConfig                      0x08001241   Thumb Code    34  misc.o(.text)
    SysTick_CLKSourceConfig                  0x08001263   Thumb Code    40  misc.o(.text)
    ADC_SoftwareStartConvCmd                 0x080012a1   Thumb Code    22  stm32f10x_adc.o(.text)
    ADC_GetCalibrationStatus                 0x080012b7   Thumb Code    20  stm32f10x_adc.o(.text)
    ADC_StartCalibration                     0x080012cb   Thumb Code    10  stm32f10x_adc.o(.text)
    ADC_GetResetCalibrationStatus            0x080012d5   Thumb Code    20  stm32f10x_adc.o(.text)
    ADC_ResetCalibration                     0x080012e9   Thumb Code    10  stm32f10x_adc.o(.text)
    ADC_Cmd                                  0x080012f3   Thumb Code    22  stm32f10x_adc.o(.text)
    ADC_DMACmd                               0x08001309   Thumb Code    22  stm32f10x_adc.o(.text)
    ADC_RegularChannelConfig                 0x0800131f   Thumb Code   184  stm32f10x_adc.o(.text)
    ADC_Init                                 0x080013d7   Thumb Code    70  stm32f10x_adc.o(.text)
    ADC1_ModeDMA_Config                      0x0800141d   Thumb Code   248  stm32f10x_adc.o(.text)
    ADC_TempSensorVrefintCmd                 0x08001515   Thumb Code    38  stm32f10x_adc.o(.text)
    MY_ADC_NoDMA_Init                        0x0800153b   Thumb Code  1042  stm32f10x_adc.o(.text)
    ADC_GetConversionValue                   0x0800194d   Thumb Code     8  stm32f10x_adc.o(.text)
    ADC_GetFlagStatus                        0x08001955   Thumb Code    18  stm32f10x_adc.o(.text)
    MY_ADC_Value_Get                         0x08001967   Thumb Code    48  stm32f10x_adc.o(.text)
    ADC_DeInit                               0x08001997   Thumb Code    78  stm32f10x_adc.o(.text)
    ADC_StructInit                           0x080019e5   Thumb Code    18  stm32f10x_adc.o(.text)
    ADC_ITConfig                             0x080019f7   Thumb Code    24  stm32f10x_adc.o(.text)
    ADC_GetSoftwareStartConvStatus           0x08001a0f   Thumb Code    20  stm32f10x_adc.o(.text)
    ADC_DiscModeChannelCountConfig           0x08001a23   Thumb Code    24  stm32f10x_adc.o(.text)
    ADC_DiscModeCmd                          0x08001a3b   Thumb Code    22  stm32f10x_adc.o(.text)
    ADC_ExternalTrigConvCmd                  0x08001a51   Thumb Code    22  stm32f10x_adc.o(.text)
    ADC_GetDualModeConversionValue           0x08001a67   Thumb Code     8  stm32f10x_adc.o(.text)
    ADC_AutoInjectedConvCmd                  0x08001a6f   Thumb Code    22  stm32f10x_adc.o(.text)
    ADC_InjectedDiscModeCmd                  0x08001a85   Thumb Code    22  stm32f10x_adc.o(.text)
    ADC_ExternalTrigInjectedConvConfig       0x08001a9b   Thumb Code    16  stm32f10x_adc.o(.text)
    ADC_ExternalTrigInjectedConvCmd          0x08001aab   Thumb Code    22  stm32f10x_adc.o(.text)
    ADC_SoftwareStartInjectedConvCmd         0x08001ac1   Thumb Code    22  stm32f10x_adc.o(.text)
    ADC_GetSoftwareStartInjectedConvCmdStatus 0x08001ad7   Thumb Code    20  stm32f10x_adc.o(.text)
    ADC_InjectedChannelConfig                0x08001aeb   Thumb Code   130  stm32f10x_adc.o(.text)
    ADC_InjectedSequencerLengthConfig        0x08001b6d   Thumb Code    24  stm32f10x_adc.o(.text)
    ADC_SetInjectedOffset                    0x08001b85   Thumb Code    20  stm32f10x_adc.o(.text)
    ADC_GetInjectedConversionValue           0x08001b99   Thumb Code    28  stm32f10x_adc.o(.text)
    ADC_AnalogWatchdogCmd                    0x08001bb5   Thumb Code    16  stm32f10x_adc.o(.text)
    ADC_AnalogWatchdogThresholdsConfig       0x08001bc5   Thumb Code     6  stm32f10x_adc.o(.text)
    ADC_AnalogWatchdogSingleChannelConfig    0x08001bcb   Thumb Code    16  stm32f10x_adc.o(.text)
    ADC_ClearFlag                            0x08001bdb   Thumb Code     6  stm32f10x_adc.o(.text)
    ADC_GetITStatus                          0x08001be1   Thumb Code    56  stm32f10x_adc.o(.text)
    ADC_ClearITPendingBit                    0x08001c19   Thumb Code    10  stm32f10x_adc.o(.text)
    CAN_ITConfig                             0x08001c25   Thumb Code    18  stm32f10x_can.o(.text)
    CAN_FilterInit                           0x08001c37   Thumb Code   258  stm32f10x_can.o(.text)
    CAN_Init                                 0x08001d39   Thumb Code   276  stm32f10x_can.o(.text)
    CAN_StructInit                           0x08001e4d   Thumb Code    32  stm32f10x_can.o(.text)
    CAN_DeInit                               0x08001e6d   Thumb Code    50  stm32f10x_can.o(.text)
    STM32_CAN_Commun_Config                  0x08001e9f   Thumb Code   284  stm32f10x_can.o(.text)
    CAN_Transmit                             0x08001fbb   Thumb Code   306  stm32f10x_can.o(.text)
    STM32_CAN_Transmit                       0x080020ed   Thumb Code    70  stm32f10x_can.o(.text)
    CAN_SlaveStartBank                       0x08002133   Thumb Code    48  stm32f10x_can.o(.text)
    CAN_DBGFreeze                            0x08002163   Thumb Code    22  stm32f10x_can.o(.text)
    CAN_TTComModeCmd                         0x08002179   Thumb Code   118  stm32f10x_can.o(.text)
    CAN_TransmitStatus                       0x080021ef   Thumb Code   138  stm32f10x_can.o(.text)
    CAN_CancelTransmit                       0x08002279   Thumb Code    48  stm32f10x_can.o(.text)
    CAN_Receive                              0x080022a9   Thumb Code   240  stm32f10x_can.o(.text)
    CAN_FIFORelease                          0x08002399   Thumb Code    22  stm32f10x_can.o(.text)
    CAN_MessagePending                       0x080023af   Thumb Code    30  stm32f10x_can.o(.text)
    CAN_OperatingModeRequest                 0x080023cd   Thumb Code   162  stm32f10x_can.o(.text)
    CAN_Sleep                                0x0800246f   Thumb Code    30  stm32f10x_can.o(.text)
    CAN_WakeUp                               0x0800248d   Thumb Code    48  stm32f10x_can.o(.text)
    CAN_GetLastErrorCode                     0x080024bd   Thumb Code    12  stm32f10x_can.o(.text)
    CAN_GetReceiveErrorCounter               0x080024c9   Thumb Code    10  stm32f10x_can.o(.text)
    CAN_GetLSBTransmitErrorCounter           0x080024d3   Thumb Code    12  stm32f10x_can.o(.text)
    CAN_GetFlagStatus                        0x080024df   Thumb Code   144  stm32f10x_can.o(.text)
    CAN_ClearFlag                            0x0800256f   Thumb Code    52  stm32f10x_can.o(.text)
    CAN_GetITStatus                          0x080025b5   Thumb Code   284  stm32f10x_can.o(.text)
    CAN_ClearITPendingBit                    0x080026d1   Thumb Code   162  stm32f10x_can.o(.text)
    DMA_DeInit                               0x0800277d   Thumb Code   324  stm32f10x_dma.o(.text)
    DMA_Init                                 0x080028c1   Thumb Code    60  stm32f10x_dma.o(.text)
    DMA_StructInit                           0x080028fd   Thumb Code    26  stm32f10x_dma.o(.text)
    DMA_Cmd                                  0x08002917   Thumb Code    24  stm32f10x_dma.o(.text)
    DMA_ITConfig                             0x0800292f   Thumb Code    18  stm32f10x_dma.o(.text)
    DMA_SetCurrDataCounter                   0x08002941   Thumb Code     4  stm32f10x_dma.o(.text)
    DMA_GetCurrDataCounter                   0x08002945   Thumb Code     8  stm32f10x_dma.o(.text)
    DMA_GetFlagStatus                        0x0800294d   Thumb Code    40  stm32f10x_dma.o(.text)
    DMA_ClearFlag                            0x08002975   Thumb Code    22  stm32f10x_dma.o(.text)
    DMA_GetITStatus                          0x0800298b   Thumb Code    40  stm32f10x_dma.o(.text)
    DMA_ClearITPendingBit                    0x080029b3   Thumb Code    22  stm32f10x_dma.o(.text)
    EXTI_DeInit                              0x080029d1   Thumb Code    28  stm32f10x_exti.o(.text)
    EXTI_Init                                0x080029ed   Thumb Code   142  stm32f10x_exti.o(.text)
    EXTI_StructInit                          0x08002a7b   Thumb Code    16  stm32f10x_exti.o(.text)
    EXTI_GenerateSWInterrupt                 0x08002a8b   Thumb Code    16  stm32f10x_exti.o(.text)
    EXTI_GetFlagStatus                       0x08002a9b   Thumb Code    22  stm32f10x_exti.o(.text)
    EXTI_ClearFlag                           0x08002ab1   Thumb Code     8  stm32f10x_exti.o(.text)
    EXTI_GetITStatus                         0x08002ab9   Thumb Code    34  stm32f10x_exti.o(.text)
    EXTI_ClearITPendingBit                   0x08002adb   Thumb Code     8  stm32f10x_exti.o(.text)
    GPIO_SetBits                             0x08002aed   Thumb Code     4  stm32f10x_gpio.o(.text)
    GPIO_Init                                0x08002af1   Thumb Code   278  stm32f10x_gpio.o(.text)
    My_GPIO_Init                             0x08002c07   Thumb Code   152  stm32f10x_gpio.o(.text)
    GPIO_Flip_level                          0x08002c9f   Thumb Code     8  stm32f10x_gpio.o(.text)
    GPIO_EXTILineConfig                      0x08002ca7   Thumb Code    60  stm32f10x_gpio.o(.text)
    My_GPIO_Exit_Init                        0x08002ce3   Thumb Code   550  stm32f10x_gpio.o(.text)
    GPIO_DeInit                              0x08002f09   Thumb Code   172  stm32f10x_gpio.o(.text)
    GPIO_AFIODeInit                          0x08002fb5   Thumb Code    20  stm32f10x_gpio.o(.text)
    GPIO_StructInit                          0x08002fc9   Thumb Code    16  stm32f10x_gpio.o(.text)
    GPIO_ReadInputDataBit                    0x08002fd9   Thumb Code    18  stm32f10x_gpio.o(.text)
    GPIO_ReadInputData                       0x08002feb   Thumb Code    42  stm32f10x_gpio.o(.text)
    GPIO_ReadOutputDataBit                   0x08003015   Thumb Code    18  stm32f10x_gpio.o(.text)
    GPIO_ReadOutputData                      0x08003027   Thumb Code     8  stm32f10x_gpio.o(.text)
    GPIO_ResetBits                           0x0800302f   Thumb Code     4  stm32f10x_gpio.o(.text)
    GPIO_WriteBit                            0x08003033   Thumb Code    10  stm32f10x_gpio.o(.text)
    GPIO_Write                               0x0800303d   Thumb Code     4  stm32f10x_gpio.o(.text)
    GPIO_PinLockConfig                       0x08003041   Thumb Code    18  stm32f10x_gpio.o(.text)
    GPIO_EventOutputConfig                   0x08003053   Thumb Code    26  stm32f10x_gpio.o(.text)
    GPIO_EventOutputCmd                      0x0800306d   Thumb Code     6  stm32f10x_gpio.o(.text)
    GPIO_PinRemapConfig                      0x08003073   Thumb Code   138  stm32f10x_gpio.o(.text)
    GPIO_ETH_MediaInterfaceConfig            0x080030fd   Thumb Code     8  stm32f10x_gpio.o(.text)
    RCC_DeInit                               0x0800310d   Thumb Code    64  stm32f10x_rcc.o(.text)
    RCC_HSEConfig                            0x0800314d   Thumb Code    70  stm32f10x_rcc.o(.text)
    RCC_GetFlagStatus                        0x08003193   Thumb Code    56  stm32f10x_rcc.o(.text)
    RCC_WaitForHSEStartUp                    0x080031cb   Thumb Code    56  stm32f10x_rcc.o(.text)
    RCC_AdjustHSICalibrationValue            0x08003203   Thumb Code    20  stm32f10x_rcc.o(.text)
    RCC_HSICmd                               0x08003217   Thumb Code     6  stm32f10x_rcc.o(.text)
    RCC_PLLConfig                            0x0800321d   Thumb Code    24  stm32f10x_rcc.o(.text)
    RCC_PLLCmd                               0x08003235   Thumb Code     6  stm32f10x_rcc.o(.text)
    RCC_SYSCLKConfig                         0x0800323b   Thumb Code    18  stm32f10x_rcc.o(.text)
    RCC_GetSYSCLKSource                      0x0800324d   Thumb Code    10  stm32f10x_rcc.o(.text)
    RCC_HCLKConfig                           0x08003257   Thumb Code    18  stm32f10x_rcc.o(.text)
    RCC_PCLK1Config                          0x08003269   Thumb Code    18  stm32f10x_rcc.o(.text)
    RCC_PCLK2Config                          0x0800327b   Thumb Code    20  stm32f10x_rcc.o(.text)
    RCC_ITConfig                             0x0800328f   Thumb Code    26  stm32f10x_rcc.o(.text)
    RCC_USBCLKConfig                         0x080032a9   Thumb Code     8  stm32f10x_rcc.o(.text)
    RCC_ADCCLKConfig                         0x080032b1   Thumb Code    18  stm32f10x_rcc.o(.text)
    RCC_LSEConfig                            0x080032c3   Thumb Code    50  stm32f10x_rcc.o(.text)
    RCC_LSICmd                               0x080032f5   Thumb Code     6  stm32f10x_rcc.o(.text)
    RCC_RTCCLKConfig                         0x080032fb   Thumb Code    12  stm32f10x_rcc.o(.text)
    RCC_RTCCLKCmd                            0x08003307   Thumb Code     8  stm32f10x_rcc.o(.text)
    RCC_GetClocksFreq                        0x0800330f   Thumb Code   192  stm32f10x_rcc.o(.text)
    RCC_AHBPeriphClockCmd                    0x080033cf   Thumb Code    26  stm32f10x_rcc.o(.text)
    RCC_APB2PeriphClockCmd                   0x080033e9   Thumb Code    26  stm32f10x_rcc.o(.text)
    RCC_APB1PeriphClockCmd                   0x08003403   Thumb Code    26  stm32f10x_rcc.o(.text)
    RCC_APB2PeriphResetCmd                   0x0800341d   Thumb Code    26  stm32f10x_rcc.o(.text)
    RCC_APB1PeriphResetCmd                   0x08003437   Thumb Code    26  stm32f10x_rcc.o(.text)
    RCC_BackupResetCmd                       0x08003451   Thumb Code     8  stm32f10x_rcc.o(.text)
    RCC_ClockSecuritySystemCmd               0x08003459   Thumb Code     6  stm32f10x_rcc.o(.text)
    RCC_MCOConfig                            0x0800345f   Thumb Code     6  stm32f10x_rcc.o(.text)
    RCC_ClearFlag                            0x08003465   Thumb Code    14  stm32f10x_rcc.o(.text)
    RCC_GetITStatus                          0x08003473   Thumb Code    20  stm32f10x_rcc.o(.text)
    RCC_ClearITPendingBit                    0x08003487   Thumb Code     6  stm32f10x_rcc.o(.text)
    TIM_Cmd                                  0x080034b1   Thumb Code    24  stm32f10x_tim.o(.text)
    TIM_ITConfig                             0x080034c9   Thumb Code    18  stm32f10x_tim.o(.text)
    TIM_ClearFlag                            0x080034db   Thumb Code     6  stm32f10x_tim.o(.text)
    TIM_TimeBaseInit                         0x080034e1   Thumb Code   122  stm32f10x_tim.o(.text)
    Timer_2to7_counter_Generalfuncation      0x0800355b   Thumb Code   734  stm32f10x_tim.o(.text)
    Timer_2to7_Generalfuncation_start        0x08003839   Thumb Code   106  stm32f10x_tim.o(.text)
    Timer_2to7_Generalfuncation_stop         0x080038a3   Thumb Code   148  stm32f10x_tim.o(.text)
    TIM_DeInit                               0x08003937   Thumb Code   424  stm32f10x_tim.o(.text)
    TIM_OC1Init                              0x08003adf   Thumb Code   132  stm32f10x_tim.o(.text)
    TIM_OC2Init                              0x08003b63   Thumb Code   154  stm32f10x_tim.o(.text)
    TIM_OC3Init                              0x08003bfd   Thumb Code   150  stm32f10x_tim.o(.text)
    TIM_OC4Init                              0x08003c93   Thumb Code   180  stm32f10x_tim.o(.text)
    TIM_SetIC4Prescaler                      0x08003d47   Thumb Code    26  stm32f10x_tim.o(.text)
    TIM_SetIC3Prescaler                      0x08003de3   Thumb Code    18  stm32f10x_tim.o(.text)
    TIM_SetIC2Prescaler                      0x08003e6f   Thumb Code    26  stm32f10x_tim.o(.text)
    TIM_SetIC1Prescaler                      0x08003f0b   Thumb Code    18  stm32f10x_tim.o(.text)
    TIM_ICInit                               0x08003f89   Thumb Code   150  stm32f10x_tim.o(.text)
    TIM_PWMIConfig                           0x0800401f   Thumb Code   124  stm32f10x_tim.o(.text)
    TIM_BDTRConfig                           0x0800409b   Thumb Code    32  stm32f10x_tim.o(.text)
    TIM_TimeBaseStructInit                   0x080040bb   Thumb Code    18  stm32f10x_tim.o(.text)
    TIM_OCStructInit                         0x080040cd   Thumb Code    20  stm32f10x_tim.o(.text)
    TIM_ICStructInit                         0x080040e1   Thumb Code    18  stm32f10x_tim.o(.text)
    TIM_BDTRStructInit                       0x080040f3   Thumb Code    18  stm32f10x_tim.o(.text)
    TIM_CtrlPWMOutputs                       0x08004105   Thumb Code    30  stm32f10x_tim.o(.text)
    TIM_GenerateEvent                        0x08004123   Thumb Code     4  stm32f10x_tim.o(.text)
    TIM_DMAConfig                            0x08004127   Thumb Code    10  stm32f10x_tim.o(.text)
    TIM_DMACmd                               0x08004131   Thumb Code    18  stm32f10x_tim.o(.text)
    TIM_InternalClockConfig                  0x08004143   Thumb Code    12  stm32f10x_tim.o(.text)
    TIM_SelectInputTrigger                   0x0800414f   Thumb Code    18  stm32f10x_tim.o(.text)
    TIM_ITRxExternalClockConfig              0x08004161   Thumb Code    44  stm32f10x_tim.o(.text)
    TIM_TIxExternalClockConfig               0x0800418d   Thumb Code    62  stm32f10x_tim.o(.text)
    TIM_ETRConfig                            0x080041cb   Thumb Code    28  stm32f10x_tim.o(.text)
    TIM_ETRClockMode1Config                  0x080041e7   Thumb Code    54  stm32f10x_tim.o(.text)
    TIM_ETRClockMode2Config                  0x0800421d   Thumb Code    32  stm32f10x_tim.o(.text)
    TIM_PrescalerConfig                      0x0800423d   Thumb Code     6  stm32f10x_tim.o(.text)
    TIM_CounterModeConfig                    0x08004243   Thumb Code    18  stm32f10x_tim.o(.text)
    TIM_EncoderInterfaceConfig               0x08004255   Thumb Code    66  stm32f10x_tim.o(.text)
    TIM_ForcedOC1Config                      0x08004297   Thumb Code    18  stm32f10x_tim.o(.text)
    TIM_ForcedOC2Config                      0x080042a9   Thumb Code    26  stm32f10x_tim.o(.text)
    TIM_ForcedOC3Config                      0x080042c3   Thumb Code    18  stm32f10x_tim.o(.text)
    TIM_ForcedOC4Config                      0x080042d5   Thumb Code    26  stm32f10x_tim.o(.text)
    TIM_ARRPreloadConfig                     0x080042ef   Thumb Code    24  stm32f10x_tim.o(.text)
    TIM_SelectCOM                            0x08004307   Thumb Code    24  stm32f10x_tim.o(.text)
    TIM_SelectCCDMA                          0x0800431f   Thumb Code    24  stm32f10x_tim.o(.text)
    TIM_CCPreloadControl                     0x08004337   Thumb Code    24  stm32f10x_tim.o(.text)
    TIM_OC1PreloadConfig                     0x0800434f   Thumb Code    18  stm32f10x_tim.o(.text)
    TIM_OC2PreloadConfig                     0x08004361   Thumb Code    26  stm32f10x_tim.o(.text)
    TIM_OC3PreloadConfig                     0x0800437b   Thumb Code    18  stm32f10x_tim.o(.text)
    TIM_OC4PreloadConfig                     0x0800438d   Thumb Code    26  stm32f10x_tim.o(.text)
    TIM_OC1FastConfig                        0x080043a7   Thumb Code    18  stm32f10x_tim.o(.text)
    TIM_OC2FastConfig                        0x080043b9   Thumb Code    26  stm32f10x_tim.o(.text)
    TIM_OC3FastConfig                        0x080043d3   Thumb Code    18  stm32f10x_tim.o(.text)
    TIM_OC4FastConfig                        0x080043e5   Thumb Code    26  stm32f10x_tim.o(.text)
    TIM_ClearOC1Ref                          0x080043ff   Thumb Code    18  stm32f10x_tim.o(.text)
    TIM_ClearOC2Ref                          0x08004411   Thumb Code    24  stm32f10x_tim.o(.text)
    TIM_ClearOC3Ref                          0x08004429   Thumb Code    18  stm32f10x_tim.o(.text)
    TIM_ClearOC4Ref                          0x0800443b   Thumb Code    24  stm32f10x_tim.o(.text)
    TIM_OC1PolarityConfig                    0x08004453   Thumb Code    18  stm32f10x_tim.o(.text)
    TIM_OC1NPolarityConfig                   0x08004465   Thumb Code    18  stm32f10x_tim.o(.text)
    TIM_OC2PolarityConfig                    0x08004477   Thumb Code    26  stm32f10x_tim.o(.text)
    TIM_OC2NPolarityConfig                   0x08004491   Thumb Code    26  stm32f10x_tim.o(.text)
    TIM_OC3PolarityConfig                    0x080044ab   Thumb Code    26  stm32f10x_tim.o(.text)
    TIM_OC3NPolarityConfig                   0x080044c5   Thumb Code    26  stm32f10x_tim.o(.text)
    TIM_OC4PolarityConfig                    0x080044df   Thumb Code    26  stm32f10x_tim.o(.text)
    TIM_CCxCmd                               0x080044f9   Thumb Code    30  stm32f10x_tim.o(.text)
    TIM_CCxNCmd                              0x08004517   Thumb Code    30  stm32f10x_tim.o(.text)
    TIM_SelectOCxM                           0x08004535   Thumb Code    82  stm32f10x_tim.o(.text)
    TIM_UpdateDisableConfig                  0x08004587   Thumb Code    24  stm32f10x_tim.o(.text)
    TIM_UpdateRequestConfig                  0x0800459f   Thumb Code    24  stm32f10x_tim.o(.text)
    TIM_SelectHallSensor                     0x080045b7   Thumb Code    24  stm32f10x_tim.o(.text)
    TIM_SelectOnePulseMode                   0x080045cf   Thumb Code    18  stm32f10x_tim.o(.text)
    TIM_SelectOutputTrigger                  0x080045e1   Thumb Code    18  stm32f10x_tim.o(.text)
    TIM_SelectSlaveMode                      0x080045f3   Thumb Code    18  stm32f10x_tim.o(.text)
    TIM_SelectMasterSlaveMode                0x08004605   Thumb Code    18  stm32f10x_tim.o(.text)
    TIM_SetCounter                           0x08004617   Thumb Code     4  stm32f10x_tim.o(.text)
    TIM_SetAutoreload                        0x0800461b   Thumb Code     4  stm32f10x_tim.o(.text)
    TIM_SetCompare1                          0x0800461f   Thumb Code     4  stm32f10x_tim.o(.text)
    TIM_SetCompare2                          0x08004623   Thumb Code     4  stm32f10x_tim.o(.text)
    TIM_SetCompare3                          0x08004627   Thumb Code     4  stm32f10x_tim.o(.text)
    TIM_SetCompare4                          0x0800462b   Thumb Code     6  stm32f10x_tim.o(.text)
    TIM_SetClockDivision                     0x08004631   Thumb Code    18  stm32f10x_tim.o(.text)
    TIM_GetCapture1                          0x08004643   Thumb Code     6  stm32f10x_tim.o(.text)
    TIM_GetCapture2                          0x08004649   Thumb Code     6  stm32f10x_tim.o(.text)
    TIM_GetCapture3                          0x0800464f   Thumb Code     6  stm32f10x_tim.o(.text)
    TIM_GetCapture4                          0x08004655   Thumb Code     8  stm32f10x_tim.o(.text)
    TIM_GetCounter                           0x0800465d   Thumb Code     6  stm32f10x_tim.o(.text)
    TIM_GetPrescaler                         0x08004663   Thumb Code     6  stm32f10x_tim.o(.text)
    TIM_GetFlagStatus                        0x08004669   Thumb Code    18  stm32f10x_tim.o(.text)
    TIM_GetITStatus                          0x0800467b   Thumb Code    34  stm32f10x_tim.o(.text)
    TIM_ClearITPendingBit                    0x0800469d   Thumb Code     6  stm32f10x_tim.o(.text)
    USART_DeInit                             0x080046a5   Thumb Code   134  stm32f10x_usart.o(.text)
    USART_Init                               0x0800472b   Thumb Code   210  stm32f10x_usart.o(.text)
    USART_StructInit                         0x080047fd   Thumb Code    24  stm32f10x_usart.o(.text)
    USART_ClockInit                          0x08004815   Thumb Code    34  stm32f10x_usart.o(.text)
    USART_ClockStructInit                    0x08004837   Thumb Code    12  stm32f10x_usart.o(.text)
    USART_Cmd                                0x08004843   Thumb Code    24  stm32f10x_usart.o(.text)
    USART_ITConfig                           0x0800485b   Thumb Code    74  stm32f10x_usart.o(.text)
    USART_DMACmd                             0x080048a5   Thumb Code    18  stm32f10x_usart.o(.text)
    USART_SetAddress                         0x080048b7   Thumb Code    18  stm32f10x_usart.o(.text)
    USART_WakeUpConfig                       0x080048c9   Thumb Code    18  stm32f10x_usart.o(.text)
    USART_ReceiverWakeUpCmd                  0x080048db   Thumb Code    24  stm32f10x_usart.o(.text)
    USART_LINBreakDetectLengthConfig         0x080048f3   Thumb Code    18  stm32f10x_usart.o(.text)
    USART_LINCmd                             0x08004905   Thumb Code    24  stm32f10x_usart.o(.text)
    USART_SendData                           0x0800491d   Thumb Code     8  stm32f10x_usart.o(.text)
    USART_ReceiveData                        0x08004925   Thumb Code    10  stm32f10x_usart.o(.text)
    USART_SendBreak                          0x0800492f   Thumb Code    10  stm32f10x_usart.o(.text)
    USART_SetGuardTime                       0x08004939   Thumb Code    16  stm32f10x_usart.o(.text)
    USART_SetPrescaler                       0x08004949   Thumb Code    16  stm32f10x_usart.o(.text)
    USART_SmartCardCmd                       0x08004959   Thumb Code    24  stm32f10x_usart.o(.text)
    USART_SmartCardNACKCmd                   0x08004971   Thumb Code    24  stm32f10x_usart.o(.text)
    USART_HalfDuplexCmd                      0x08004989   Thumb Code    24  stm32f10x_usart.o(.text)
    USART_OverSampling8Cmd                   0x080049a1   Thumb Code    22  stm32f10x_usart.o(.text)
    USART_OneBitMethodCmd                    0x080049b7   Thumb Code    24  stm32f10x_usart.o(.text)
    USART_IrDAConfig                         0x080049cf   Thumb Code    18  stm32f10x_usart.o(.text)
    USART_IrDACmd                            0x080049e1   Thumb Code    24  stm32f10x_usart.o(.text)
    USART_GetFlagStatus                      0x080049f9   Thumb Code    26  stm32f10x_usart.o(.text)
    USART_ClearFlag                          0x08004a13   Thumb Code    18  stm32f10x_usart.o(.text)
    USART_GetITStatus                        0x08004a25   Thumb Code    84  stm32f10x_usart.o(.text)
    USART_ClearITPendingBit                  0x08004a79   Thumb Code    52  stm32f10x_usart.o(.text)
    main                                     0x08004aad   Thumb Code  1710  main.o(.text)
    Main_Delay_us                            0x0800515b   Thumb Code    12  main.o(.text)
    IMU_Test_Upload_Message                  0x08005167   Thumb Code   706  main.o(.text)
    S_Test_Upload_Message                    0x08005429   Thumb Code   286  main.o(.text)
    NMI_Handler                              0x08005555   Thumb Code     2  stm32f10x_it.o(.text)
    HardFault_Handler                        0x08005557   Thumb Code     4  stm32f10x_it.o(.text)
    MemManage_Handler                        0x0800555b   Thumb Code     4  stm32f10x_it.o(.text)
    BusFault_Handler                         0x0800555f   Thumb Code     4  stm32f10x_it.o(.text)
    UsageFault_Handler                       0x08005563   Thumb Code     4  stm32f10x_it.o(.text)
    SVC_Handler                              0x08005567   Thumb Code     2  stm32f10x_it.o(.text)
    DebugMon_Handler                         0x08005569   Thumb Code     2  stm32f10x_it.o(.text)
    PendSV_Handler                           0x0800556b   Thumb Code     2  stm32f10x_it.o(.text)
    TIM2_IRQHandler                          0x0800556d   Thumb Code    86  stm32f10x_it.o(.text)
    TIM3_IRQHandler                          0x080055c3   Thumb Code    30  stm32f10x_it.o(.text)
    USART1_IRQHandler                        0x080055e1   Thumb Code   100  stm32f10x_it.o(.text)
    USART3_IRQHandler                        0x08005645   Thumb Code   354  stm32f10x_it.o(.text)
    USART2_IRQHandler                        0x080057a7   Thumb Code   152  stm32f10x_it.o(.text)
    SysTick_Handler                          0x0800583f   Thumb Code    18  stm32f10x_it.o(.text)
    EXTI0_IRQHandler                         0x08005851   Thumb Code    18  stm32f10x_it.o(.text)
    Main_Delay                               0x08005863   Thumb Code    26  stm32f10x_it.o(.text)
    EXTI9_5_IRQHandler                       0x0800587d   Thumb Code   108  stm32f10x_it.o(.text)
    SDIO_IRQHandler                          0x080058e9   Thumb Code     2  stm32f10x_it.o(.text)
    DMA1_Channel5_IRQHandler                 0x080058eb   Thumb Code    36  stm32f10x_it.o(.text)
    USB_LP_CAN1_RX0_IRQHandler               0x0800590f   Thumb Code    40  stm32f10x_it.o(.text)
    CopeSerial2Data                          0x08005937   Thumb Code   362  stm32f10x_it.o(.text)
    UART5_IRQHandler                         0x08005aa1   Thumb Code    40  stm32f10x_it.o(.text)
    SysTick_Init                             0x08005ad9   Thumb Code   100  stm32f10x_delay.o(.text)
    Delay_10us                               0x08005b3d   Thumb Code    32  stm32f10x_delay.o(.text)
    Initial_micros                           0x08005b5d   Thumb Code   104  stm32f10x_delay.o(.text)
    micros                                   0x08005bc5   Thumb Code    20  stm32f10x_delay.o(.text)
    USART5_NVIC_Configuration                0x08005be9   Thumb Code    42  bsp_uart.o(.text)
    UART5_Config                             0x08005c13   Thumb Code   158  bsp_uart.o(.text)
    USART4_NVIC_Configuration                0x08005cb1   Thumb Code    42  bsp_uart.o(.text)
    UART4_Config                             0x08005cdb   Thumb Code   154  bsp_uart.o(.text)
    USART3_NVIC_Configuration                0x08005d75   Thumb Code    42  bsp_uart.o(.text)
    USART3_Config                            0x08005d9f   Thumb Code   154  bsp_uart.o(.text)
    USART2_NVIC_Configuration                0x08005e39   Thumb Code    42  bsp_uart.o(.text)
    USART2_Config                            0x08005e63   Thumb Code   150  bsp_uart.o(.text)
    USART1_NVIC_Configuration                0x08005ef9   Thumb Code    38  bsp_uart.o(.text)
    USART1_Config                            0x08005f1f   Thumb Code   168  bsp_uart.o(.text)
    My_Config_USART_Init                     0x08005fc7   Thumb Code   130  bsp_uart.o(.text)
    USART_DMA_Send_Config                    0x08006049   Thumb Code   278  bsp_uart.o(.text)
    USART_DMA_Rec_Config                     0x0800615f   Thumb Code   180  bsp_uart.o(.text)
    USART1_DMA_Rec_Config                    0x08006213   Thumb Code   158  bsp_uart.o(.text)
    UART_send_char                           0x080062b1   Thumb Code    30  bsp_uart.o(.text)
    UART_send_data                           0x080062cf   Thumb Code    92  bsp_uart.o(.text)
    UART_send_intdata                        0x0800632b   Thumb Code   106  bsp_uart.o(.text)
    UART_send_floatdat                       0x08006395   Thumb Code   160  bsp_uart.o(.text)
    UART_send_string                         0x08006435   Thumb Code    40  bsp_uart.o(.text)
    UART_send_buffer                         0x0800645d   Thumb Code    88  bsp_uart.o(.text)
    RC_Offset_Init                           0x080064b5   Thumb Code   464  dbus.o(.text)
    Sbus_Data_Count                          0x08006685   Thumb Code  1186  dbus.o(.text)
    RC_Debug_Message                         0x08006b27   Thumb Code   292  dbus.o(.text)
    RC_Upload_Message                        0x08006c4b   Thumb Code   400  dbus.o(.text)
    DiffX2_Wheel_Rpm_Model                   0x08006de5   Thumb Code   154  dji_motor.o(.text)
    DiffX2_Wheel_Speed_Model                 0x08006e7f   Thumb Code   170  dji_motor.o(.text)
    DJI_Motor_Control                        0x08006f29   Thumb Code   476  dji_motor.o(.text)
    CAN_DJI_C620_DataSend                    0x08007105   Thumb Code    66  dji_motor.o(.text)
    get_moto_measure                         0x08007147   Thumb Code   292  dji_motor.o(.text)
    get_moto_offset                          0x0800726b   Thumb Code    16  dji_motor.o(.text)
    CAN_RxCpltCallback                       0x0800727b   Thumb Code   390  dji_motor.o(.text)
    DJI_Motor_WriteData_In_Buff              0x08007401   Thumb Code   260  dji_motor.o(.text)
    DJI_Motor_Show_Message                   0x08007505   Thumb Code   540  dji_motor.o(.text)
    DJI_Motor_Upload_Message                 0x08007721   Thumb Code   682  dji_motor.o(.text)
    DJI_Motor_Clear_Odom                     0x080079cb   Thumb Code   174  dji_motor.o(.text)
    PID_struct_init                          0x08007a79   Thumb Code    20  dji_motor.o(.text)
    abs_limit                                0x08007a8d   Thumb Code    40  dji_motor.o(.text)
    pid_calc                                 0x08007ab5   Thumb Code   430  dji_motor.o(.text)
    pid_sp_calc                              0x08007c63   Thumb Code   216  dji_motor.o(.text)
    servoinit                                0x08007d43   Thumb Code   138  dji_motor.o(.text)
    KEY_Init                                 0x08007dcd   Thumb Code    32  dji_motor.o(.text)
    EXTIX_Init                               0x08007ded   Thumb Code    86  dji_motor.o(.text)
    Watch_PID                                0x08007e43   Thumb Code   412  dji_motor.o(.text)
    Adc_Init                                 0x08008029   Thumb Code   132  adc.o(.text)
    Get_Adc                                  0x080080ad   Thumb Code    44  adc.o(.text)
    Get_Adc_Average                          0x080080d9   Thumb Code    40  adc.o(.text)
    __aeabi_memclr4                          0x08008109   Thumb Code     0  rt_memclr_w.o(.text)
    __aeabi_memclr8                          0x08008109   Thumb Code     0  rt_memclr_w.o(.text)
    __rt_memclr_w                            0x08008109   Thumb Code    78  rt_memclr_w.o(.text)
    _memset_w                                0x0800810d   Thumb Code     0  rt_memclr_w.o(.text)
    __use_two_region_memory                  0x08008157   Thumb Code     2  heapauxi.o(.text)
    __rt_heap_escrow$2region                 0x08008159   Thumb Code     2  heapauxi.o(.text)
    __rt_heap_expand$2region                 0x0800815b   Thumb Code     2  heapauxi.o(.text)
    __user_libspace                          0x0800815d   Thumb Code     8  libspace.o(.text)
    __user_perproc_libspace                  0x0800815d   Thumb Code     0  libspace.o(.text)
    __user_perthread_libspace                0x0800815d   Thumb Code     0  libspace.o(.text)
    __user_setup_stackheap                   0x08008165   Thumb Code    74  sys_stackheap_outer.o(.text)
    exit                                     0x080081af   Thumb Code    18  exit.o(.text)
    _sys_exit                                0x080081c1   Thumb Code     8  sys_exit.o(.text)
    __I$use$semihosting                      0x080081cd   Thumb Code     0  use_no_semi.o(.text)
    __use_no_semihosting_swi                 0x080081cd   Thumb Code     2  use_no_semi.o(.text)
    __semihosting_library_function           0x080081cf   Thumb Code     0  indicate_semi.o(.text)
    __aeabi_d2f                              0x080081d1   Thumb Code     0  d2f.o(x$fpl$d2f)
    _d2f                                     0x080081d1   Thumb Code    98  d2f.o(x$fpl$d2f)
    __aeabi_dadd                             0x08008235   Thumb Code     0  daddsub_clz.o(x$fpl$dadd)
    _dadd                                    0x08008235   Thumb Code   332  daddsub_clz.o(x$fpl$dadd)
    __fpl_dcmp_Inf                           0x08008385   Thumb Code    24  dcmpi.o(x$fpl$dcmpinf)
    __aeabi_ddiv                             0x0800839d   Thumb Code     0  ddiv.o(x$fpl$ddiv)
    _ddiv                                    0x0800839d   Thumb Code   552  ddiv.o(x$fpl$ddiv)
    __aeabi_d2iz                             0x0800864d   Thumb Code     0  dfix.o(x$fpl$dfix)
    _dfix                                    0x0800864d   Thumb Code    94  dfix.o(x$fpl$dfix)
    __aeabi_d2uiz                            0x080086ad   Thumb Code     0  dfixu.o(x$fpl$dfixu)
    _dfixu                                   0x080086ad   Thumb Code    90  dfixu.o(x$fpl$dfixu)
    __aeabi_i2d                              0x08008707   Thumb Code     0  dflt_clz.o(x$fpl$dflt)
    _dflt                                    0x08008707   Thumb Code    46  dflt_clz.o(x$fpl$dflt)
    __aeabi_ui2d                             0x08008735   Thumb Code     0  dflt_clz.o(x$fpl$dfltu)
    _dfltu                                   0x08008735   Thumb Code    38  dflt_clz.o(x$fpl$dfltu)
    __aeabi_cdcmple                          0x0800875d   Thumb Code     0  dleqf.o(x$fpl$dleqf)
    _dcmple                                  0x0800875d   Thumb Code   120  dleqf.o(x$fpl$dleqf)
    __fpl_dcmple_InfNaN                      0x080087bf   Thumb Code     0  dleqf.o(x$fpl$dleqf)
    __aeabi_dmul                             0x080087d5   Thumb Code     0  dmul.o(x$fpl$dmul)
    _dmul                                    0x080087d5   Thumb Code   332  dmul.o(x$fpl$dmul)
    __fpl_dnaninf                            0x08008929   Thumb Code   156  dnaninf.o(x$fpl$dnaninf)
    __fpl_dretinf                            0x080089c5   Thumb Code    12  dretinf.o(x$fpl$dretinf)
    __aeabi_cdrcmple                         0x080089d1   Thumb Code     0  drleqf.o(x$fpl$drleqf)
    _drcmple                                 0x080089d1   Thumb Code   108  drleqf.o(x$fpl$drleqf)
    __aeabi_dsub                             0x08008a3d   Thumb Code     0  daddsub_clz.o(x$fpl$dsub)
    _dsub                                    0x08008a3d   Thumb Code   464  daddsub_clz.o(x$fpl$dsub)
    __aeabi_f2d                              0x08008c11   Thumb Code     0  f2d.o(x$fpl$f2d)
    _f2d                                     0x08008c11   Thumb Code    86  f2d.o(x$fpl$f2d)
    __aeabi_fadd                             0x08008c69   Thumb Code     0  faddsub_clz.o(x$fpl$fadd)
    _fadd                                    0x08008c69   Thumb Code   196  faddsub_clz.o(x$fpl$fadd)
    __fpl_fcmp_Inf                           0x08008d2d   Thumb Code    24  fcmpi.o(x$fpl$fcmpinf)
    __aeabi_fdiv                             0x08008d45   Thumb Code     0  fdiv.o(x$fpl$fdiv)
    _fdiv                                    0x08008d45   Thumb Code   384  fdiv.o(x$fpl$fdiv)
    __aeabi_cfcmpeq                          0x08008ec9   Thumb Code     0  feqf.o(x$fpl$feqf)
    _fcmpeq                                  0x08008ec9   Thumb Code   104  feqf.o(x$fpl$feqf)
    __aeabi_f2iz                             0x08008f31   Thumb Code     0  ffix.o(x$fpl$ffix)
    _ffix                                    0x08008f31   Thumb Code    54  ffix.o(x$fpl$ffix)
    __aeabi_i2f                              0x08008f69   Thumb Code     0  fflt_clz.o(x$fpl$fflt)
    _fflt                                    0x08008f69   Thumb Code    48  fflt_clz.o(x$fpl$fflt)
    __aeabi_ui2f                             0x08008f99   Thumb Code     0  fflt_clz.o(x$fpl$ffltu)
    _ffltu                                   0x08008f99   Thumb Code    38  fflt_clz.o(x$fpl$ffltu)
    __aeabi_cfcmple                          0x08008fc1   Thumb Code     0  fleqf.o(x$fpl$fleqf)
    _fcmple                                  0x08008fc1   Thumb Code   104  fleqf.o(x$fpl$fleqf)
    __fpl_fcmple_InfNaN                      0x08009013   Thumb Code     0  fleqf.o(x$fpl$fleqf)
    __aeabi_fmul                             0x08009029   Thumb Code     0  fmul.o(x$fpl$fmul)
    _fmul                                    0x08009029   Thumb Code   258  fmul.o(x$fpl$fmul)
    __fpl_fnaninf                            0x0800912b   Thumb Code   140  fnaninf.o(x$fpl$fnaninf)
    __fpl_fretinf                            0x080091b7   Thumb Code    10  fretinf.o(x$fpl$fretinf)
    __aeabi_cfrcmple                         0x080091c1   Thumb Code     0  frleqf.o(x$fpl$frleqf)
    _frcmple                                 0x080091c1   Thumb Code    98  frleqf.o(x$fpl$frleqf)
    __aeabi_frsub                            0x08009223   Thumb Code     0  faddsub_clz.o(x$fpl$frsb)
    _frsb                                    0x08009223   Thumb Code    20  faddsub_clz.o(x$fpl$frsb)
    __aeabi_fsub                             0x08009239   Thumb Code     0  faddsub_clz.o(x$fpl$fsub)
    _fsub                                    0x08009239   Thumb Code   234  faddsub_clz.o(x$fpl$fsub)
    __I$use$fp                               0x08009322   Number         0  usenofp.o(x$fpl$usenofp)
    Region$$Table$$Base                      0x08009330   Number         0  anon$$obj.o(Region$$Table)
    Region$$Table$$Limit                     0x08009350   Number         0  anon$$obj.o(Region$$Table)
    SystemCoreClock                          0x20000000   Data           4  system_stm32f10x.o(.data)
    AHBPrescTable                            0x20000004   Data          16  system_stm32f10x.o(.data)
    TimingDelay                              0x20000028   Data           4  main.o(.data)
    ADC_ConvertedValue                       0x2000002c   Data           2  main.o(.data)
    UART1_DMA_Flag                           0x2000002e   Data           1  main.o(.data)
    UART2_Flag                               0x2000002f   Data           1  main.o(.data)
    DC_flag                                  0x20000030   Data           1  main.o(.data)
    CAN1_Flag                                0x20000031   Data           1  main.o(.data)
    MS_Flag                                  0x20000032   Data           1  main.o(.data)
    MS                                       0x20000033   Data           1  main.o(.data)
    LS_flag                                  0x20000034   Data           1  main.o(.data)
    Timer2_Counter1                          0x20000038   Data           4  main.o(.data)
    Timer2_Counter2                          0x2000003c   Data           4  main.o(.data)
    Timer2_Counter3                          0x20000040   Data           4  main.o(.data)
    Timer2_Counter4                          0x20000044   Data           4  main.o(.data)
    Timer2_Counter5                          0x20000048   Data           4  main.o(.data)
    Timer2_Counter6                          0x2000004c   Data           4  main.o(.data)
    beforevalch7                             0x20000050   Data           2  main.o(.data)
    beforevalch8                             0x20000052   Data           2  main.o(.data)
    beforevalch13                            0x20000054   Data           2  main.o(.data)
    ReCont_2                                 0x20000060   Data           2  stm32f10x_it.o(.data)
    Reflag_2                                 0x20000062   Data           1  stm32f10x_it.o(.data)
    U2dat_value                              0x20000063   Data           1  stm32f10x_it.o(.data)
    U2dat_value_last                         0x20000064   Data           1  stm32f10x_it.o(.data)
    USART3Rec_flag                           0x20000065   Data           1  stm32f10x_it.o(.data)
    USART3Rec_speedx                         0x20000068   Data           4  stm32f10x_it.o(.data)
    USART3Rec_speedw                         0x2000006c   Data           4  stm32f10x_it.o(.data)
    DBUS_flag                                0x20000074   Data           1  dbus.o(.data)
    ch1_offset_sum                           0x20000078   Data           4  dbus.o(.data)
    ch2_offset_sum                           0x2000007c   Data           4  dbus.o(.data)
    ch3_offset_sum                           0x20000080   Data           4  dbus.o(.data)
    ch4_offset_sum                           0x20000084   Data           4  dbus.o(.data)
    ch7_offset_sum                           0x20000088   Data           4  dbus.o(.data)
    ch8_offset_sum                           0x2000008c   Data           4  dbus.o(.data)
    rc_counter                               0x20000090   Data           4  dbus.o(.data)
    encoderData                              0x20000094   Data           4  dji_motor.o(.data)
    last_encoderData                         0x20000098   Data           4  dji_motor.o(.data)
    pre_last_encoderData                     0x2000009c   Data           4  dji_motor.o(.data)
    pre1_last_encoderData                    0x200000a0   Data           4  dji_motor.o(.data)
    pre2_last_encoderData                    0x200000a4   Data           4  dji_motor.o(.data)
    set_v                                    0x200000a8   Data           4  dji_motor.o(.data)
    expected_anguSpeed                       0x200000ac   Data           4  dji_motor.o(.data)
    desired_anguSpeed                        0x200000b0   Data           2  dji_motor.o(.data)
    real_anguSpeed                           0x200000b2   Data           2  dji_motor.o(.data)
    expected_yawangle                        0x200000b4   Data           4  dji_motor.o(.data)
    actual_anguSpeed                         0x200000b8   Data           4  dji_motor.o(.data)
    actual_yawangle                          0x200000bc   Data           4  dji_motor.o(.data)
    motor_upload_counter                     0x200000c0   Data           4  dji_motor.o(.data)
    test                                     0x200000c4   Data           4  dji_motor.o(.data)
    test1                                    0x200000c8   Data           4  dji_motor.o(.data)
    DATA0                                    0x200000cc   Data           8  dji_motor.o(.data)
    p1                                       0x200000d4   Data           4  dji_motor.o(.data)
    vmax                                     0x200000d8   Data           4  dji_motor.o(.data)
    p2                                       0x200000dc   Data           4  dji_motor.o(.data)
    vmax2                                    0x200000e0   Data           4  dji_motor.o(.data)
    setv1                                    0x200000e4   Data           4  dji_motor.o(.data)
    setv2                                    0x200000e8   Data           4  dji_motor.o(.data)
    get_inte                                 0x200000ec   Data           4  dji_motor.o(.data)
    get_spd                                  0x200000f0   Data           4  dji_motor.o(.data)
    icount                                   0x200000f4   Data           4  dji_motor.o(.data)
    UART2_ReCont                             0x200000f8   Data           2  dji_motor.o(.data)
    UART2_Reflag                             0x200000fa   Data           1  dji_motor.o(.data)
    loraRec_flag                             0x200000fd   Data           1  yn800.o(.data)
    uart3Rec_flag                            0x200000fe   Data           1  yn800.o(.data)
    uart3_revcnt                             0x200000ff   Data           1  yn800.o(.data)
    loradata                                 0x20000100   Data           1  yn800.o(.data)
    last_loradata                            0x20000101   Data           1  yn800.o(.data)
    lordatCnt                                0x20000102   Data           1  yn800.o(.data)
    imudata1                                 0x20000104   Data          24  stm32f10x_it.o(.bss)
    USART1_RX_BUF                            0x2000011c   Data          26  stm32f10x_it.o(.bss)
    USART3_RX_BUF                            0x20000136   Data          14  stm32f10x_it.o(.bss)
    USART2_RX_BUF                            0x20000144   Data          88  stm32f10x_it.o(.bss)
    USART_RX_BUF                             0x20000390   Data          25  bsp_uart.o(.bss)
    dbus_rc                                  0x200003aa   Data          59  dbus.o(.bss)
    sbus_ch                                  0x200003e6   Data          50  dbus.o(.bss)
    encoder_history                          0x20000418   Data          20  dji_motor.o(.bss)
    set_spd                                  0x2000042c   Data          16  dji_motor.o(.bss)
    DATA                                     0x2000043c   Data          10  dji_motor.o(.bss)
    DATAV2                                   0x20000446   Data          10  dji_motor.o(.bss)
    DATAP1                                   0x20000450   Data          18  dji_motor.o(.bss)
    DATAP2                                   0x20000462   Data          18  dji_motor.o(.bss)
    moto_chassis                             0x20000474   Data          88  dji_motor.o(.bss)
    moto_info                                0x200004cc   Data          44  dji_motor.o(.bss)
    pid_spd                                  0x200004f8   Data         200  dji_motor.o(.bss)
    gzpid                                    0x200005c0   Data         100  dji_motor.o(.bss)
    yawpid                                   0x20000624   Data         100  dji_motor.o(.bss)
    recived_cmd                              0x20000688   Data          36  dji_motor.o(.bss)
    UART2_ReBuff                             0x200006ac   Data         100  dji_motor.o(.bss)
    __libspace_start                         0x20000710   Data          96  libspace.o(.bss)
    __temporary_stack_top$libspace           0x20000770   Data           0  libspace.o(.bss)



==============================================================================

Memory Map of the image

  Image Entry point : 0x08000131

  Load Region LR_IROM1 (Base: 0x08000000, Size: 0x00009454, Max: 0x00080000, ABSOLUTE)

    Execution Region ER_IROM1 (Exec base: 0x08000000, Load base: 0x08000000, Size: 0x00009350, Max: 0x00080000, ABSOLUTE)

    Exec Addr    Load Addr    Size         Type   Attr      Idx    E Section Name        Object

    0x08000000   0x08000000   0x00000130   Data   RO            3    RESET               startup_stm32f10x_hd.o
    0x08000130   0x08000130   0x00000008   Code   RO          710  * !!!main             c_w.l(__main.o)
    0x08000138   0x08000138   0x00000034   Code   RO          973    !!!scatter          c_w.l(__scatter.o)
    0x0800016c   0x0800016c   0x0000001a   Code   RO          975    !!handler_copy      c_w.l(__scatter_copy.o)
    0x08000186   0x08000186   0x00000002   PAD
    0x08000188   0x08000188   0x0000001c   Code   RO          977    !!handler_zi        c_w.l(__scatter_zi.o)
    0x080001a4   0x080001a4   0x00000002   Code   RO          846    .ARM.Collect$$libinit$$00000000  c_w.l(libinit.o)
    0x080001a6   0x080001a6   0x00000000   Code   RO          850    .ARM.Collect$$libinit$$00000002  c_w.l(libinit2.o)
    0x080001a6   0x080001a6   0x00000000   Code   RO          852    .ARM.Collect$$libinit$$00000004  c_w.l(libinit2.o)
    0x080001a6   0x080001a6   0x00000000   Code   RO          855    .ARM.Collect$$libinit$$0000000A  c_w.l(libinit2.o)
    0x080001a6   0x080001a6   0x00000000   Code   RO          857    .ARM.Collect$$libinit$$0000000C  c_w.l(libinit2.o)
    0x080001a6   0x080001a6   0x00000000   Code   RO          859    .ARM.Collect$$libinit$$0000000E  c_w.l(libinit2.o)
    0x080001a6   0x080001a6   0x00000000   Code   RO          862    .ARM.Collect$$libinit$$00000011  c_w.l(libinit2.o)
    0x080001a6   0x080001a6   0x00000000   Code   RO          864    .ARM.Collect$$libinit$$00000013  c_w.l(libinit2.o)
    0x080001a6   0x080001a6   0x00000000   Code   RO          866    .ARM.Collect$$libinit$$00000015  c_w.l(libinit2.o)
    0x080001a6   0x080001a6   0x00000000   Code   RO          868    .ARM.Collect$$libinit$$00000017  c_w.l(libinit2.o)
    0x080001a6   0x080001a6   0x00000000   Code   RO          870    .ARM.Collect$$libinit$$00000019  c_w.l(libinit2.o)
    0x080001a6   0x080001a6   0x00000000   Code   RO          872    .ARM.Collect$$libinit$$0000001B  c_w.l(libinit2.o)
    0x080001a6   0x080001a6   0x00000000   Code   RO          874    .ARM.Collect$$libinit$$0000001D  c_w.l(libinit2.o)
    0x080001a6   0x080001a6   0x00000000   Code   RO          876    .ARM.Collect$$libinit$$0000001F  c_w.l(libinit2.o)
    0x080001a6   0x080001a6   0x00000000   Code   RO          878    .ARM.Collect$$libinit$$00000021  c_w.l(libinit2.o)
    0x080001a6   0x080001a6   0x00000000   Code   RO          880    .ARM.Collect$$libinit$$00000023  c_w.l(libinit2.o)
    0x080001a6   0x080001a6   0x00000000   Code   RO          882    .ARM.Collect$$libinit$$00000025  c_w.l(libinit2.o)
    0x080001a6   0x080001a6   0x00000000   Code   RO          886    .ARM.Collect$$libinit$$0000002C  c_w.l(libinit2.o)
    0x080001a6   0x080001a6   0x00000000   Code   RO          888    .ARM.Collect$$libinit$$0000002E  c_w.l(libinit2.o)
    0x080001a6   0x080001a6   0x00000000   Code   RO          890    .ARM.Collect$$libinit$$00000030  c_w.l(libinit2.o)
    0x080001a6   0x080001a6   0x00000000   Code   RO          892    .ARM.Collect$$libinit$$00000032  c_w.l(libinit2.o)
    0x080001a6   0x080001a6   0x00000002   Code   RO          893    .ARM.Collect$$libinit$$00000033  c_w.l(libinit2.o)
    0x080001a8   0x080001a8   0x00000002   Code   RO          913    .ARM.Collect$$libshutdown$$00000000  c_w.l(libshutdown.o)
    0x080001aa   0x080001aa   0x00000000   Code   RO          926    .ARM.Collect$$libshutdown$$00000002  c_w.l(libshutdown2.o)
    0x080001aa   0x080001aa   0x00000000   Code   RO          928    .ARM.Collect$$libshutdown$$00000004  c_w.l(libshutdown2.o)
    0x080001aa   0x080001aa   0x00000000   Code   RO          931    .ARM.Collect$$libshutdown$$00000007  c_w.l(libshutdown2.o)
    0x080001aa   0x080001aa   0x00000000   Code   RO          934    .ARM.Collect$$libshutdown$$0000000A  c_w.l(libshutdown2.o)
    0x080001aa   0x080001aa   0x00000000   Code   RO          936    .ARM.Collect$$libshutdown$$0000000C  c_w.l(libshutdown2.o)
    0x080001aa   0x080001aa   0x00000000   Code   RO          939    .ARM.Collect$$libshutdown$$0000000F  c_w.l(libshutdown2.o)
    0x080001aa   0x080001aa   0x00000002   Code   RO          940    .ARM.Collect$$libshutdown$$00000010  c_w.l(libshutdown2.o)
    0x080001ac   0x080001ac   0x00000000   Code   RO          794    .ARM.Collect$$rtentry$$00000000  c_w.l(__rtentry.o)
    0x080001ac   0x080001ac   0x00000000   Code   RO          815    .ARM.Collect$$rtentry$$00000002  c_w.l(__rtentry2.o)
    0x080001ac   0x080001ac   0x00000006   Code   RO          827    .ARM.Collect$$rtentry$$00000004  c_w.l(__rtentry4.o)
    0x080001b2   0x080001b2   0x00000000   Code   RO          817    .ARM.Collect$$rtentry$$00000009  c_w.l(__rtentry2.o)
    0x080001b2   0x080001b2   0x00000004   Code   RO          818    .ARM.Collect$$rtentry$$0000000A  c_w.l(__rtentry2.o)
    0x080001b6   0x080001b6   0x00000000   Code   RO          820    .ARM.Collect$$rtentry$$0000000C  c_w.l(__rtentry2.o)
    0x080001b6   0x080001b6   0x00000008   Code   RO          821    .ARM.Collect$$rtentry$$0000000D  c_w.l(__rtentry2.o)
    0x080001be   0x080001be   0x00000002   Code   RO          847    .ARM.Collect$$rtexit$$00000000  c_w.l(rtexit.o)
    0x080001c0   0x080001c0   0x00000000   Code   RO          895    .ARM.Collect$$rtexit$$00000002  c_w.l(rtexit2.o)
    0x080001c0   0x080001c0   0x00000004   Code   RO          896    .ARM.Collect$$rtexit$$00000003  c_w.l(rtexit2.o)
    0x080001c4   0x080001c4   0x00000006   Code   RO          897    .ARM.Collect$$rtexit$$00000004  c_w.l(rtexit2.o)
    0x080001ca   0x080001ca   0x00000002   PAD
    0x080001cc   0x080001cc   0x00000040   Code   RO            4    .text               startup_stm32f10x_hd.o
    0x0800020c   0x0800020c   0x000001e0   Code   RO           24    .text               system_stm32f10x.o
    0x080003ec   0x080003ec   0x00000dd8   Code   RO           91    .text               stm32f10x_pwm.o
    0x080011c4   0x080011c4   0x000000dc   Code   RO          110    .text               misc.o
    0x080012a0   0x080012a0   0x00000982   Code   RO          122    .text               stm32f10x_adc.o
    0x08001c22   0x08001c22   0x00000002   PAD
    0x08001c24   0x08001c24   0x00000b58   Code   RO          150    .text               stm32f10x_can.o
    0x0800277c   0x0800277c   0x00000254   Code   RO          219    .text               stm32f10x_dma.o
    0x080029d0   0x080029d0   0x0000011c   Code   RO          231    .text               stm32f10x_exti.o
    0x08002aec   0x08002aec   0x00000620   Code   RO          273    .text               stm32f10x_gpio.o
    0x0800310c   0x0800310c   0x000003a4   Code   RO          327    .text               stm32f10x_rcc.o
    0x080034b0   0x080034b0   0x000011f2   Code   RO          380    .text               stm32f10x_tim.o
    0x080046a2   0x080046a2   0x00000002   PAD
    0x080046a4   0x080046a4   0x00000408   Code   RO          392    .text               stm32f10x_usart.o
    0x08004aac   0x08004aac   0x00000aa8   Code   RO          419    .text               main.o
    0x08005554   0x08005554   0x00000584   Code   RO          468    .text               stm32f10x_it.o
    0x08005ad8   0x08005ad8   0x00000110   Code   RO          489    .text               stm32f10x_delay.o
    0x08005be8   0x08005be8   0x000008cc   Code   RO          529    .text               bsp_uart.o
    0x080064b4   0x080064b4   0x00000930   Code   RO          556    .text               dbus.o
    0x08006de4   0x08006de4   0x00001244   Code   RO          578    .text               dji_motor.o
    0x08008028   0x08008028   0x000000e0   Code   RO          692    .text               adc.o
    0x08008108   0x08008108   0x0000004e   Code   RO          706    .text               c_w.l(rt_memclr_w.o)
    0x08008156   0x08008156   0x00000006   Code   RO          708    .text               c_w.l(heapauxi.o)
    0x0800815c   0x0800815c   0x00000008   Code   RO          834    .text               c_w.l(libspace.o)
    0x08008164   0x08008164   0x0000004a   Code   RO          837    .text               c_w.l(sys_stackheap_outer.o)
    0x080081ae   0x080081ae   0x00000012   Code   RO          839    .text               c_w.l(exit.o)
    0x080081c0   0x080081c0   0x0000000c   Code   RO          905    .text               c_w.l(sys_exit.o)
    0x080081cc   0x080081cc   0x00000002   Code   RO          916    .text               c_w.l(use_no_semi.o)
    0x080081ce   0x080081ce   0x00000000   Code   RO          918    .text               c_w.l(indicate_semi.o)
    0x080081ce   0x080081ce   0x00000002   PAD
    0x080081d0   0x080081d0   0x00000062   Code   RO          712    x$fpl$d2f           fz_ws.l(d2f.o)
    0x08008232   0x08008232   0x00000002   PAD
    0x08008234   0x08008234   0x00000150   Code   RO          714    x$fpl$dadd          fz_ws.l(daddsub_clz.o)
    0x08008384   0x08008384   0x00000018   Code   RO          797    x$fpl$dcmpinf       fz_ws.l(dcmpi.o)
    0x0800839c   0x0800839c   0x000002b0   Code   RO          721    x$fpl$ddiv          fz_ws.l(ddiv.o)
    0x0800864c   0x0800864c   0x0000005e   Code   RO          724    x$fpl$dfix          fz_ws.l(dfix.o)
    0x080086aa   0x080086aa   0x00000002   PAD
    0x080086ac   0x080086ac   0x0000005a   Code   RO          728    x$fpl$dfixu         fz_ws.l(dfixu.o)
    0x08008706   0x08008706   0x0000002e   Code   RO          733    x$fpl$dflt          fz_ws.l(dflt_clz.o)
    0x08008734   0x08008734   0x00000026   Code   RO          732    x$fpl$dfltu         fz_ws.l(dflt_clz.o)
    0x0800875a   0x0800875a   0x00000002   PAD
    0x0800875c   0x0800875c   0x00000078   Code   RO          738    x$fpl$dleqf         fz_ws.l(dleqf.o)
    0x080087d4   0x080087d4   0x00000154   Code   RO          740    x$fpl$dmul          fz_ws.l(dmul.o)
    0x08008928   0x08008928   0x0000009c   Code   RO          799    x$fpl$dnaninf       fz_ws.l(dnaninf.o)
    0x080089c4   0x080089c4   0x0000000c   Code   RO          801    x$fpl$dretinf       fz_ws.l(dretinf.o)
    0x080089d0   0x080089d0   0x0000006c   Code   RO          742    x$fpl$drleqf        fz_ws.l(drleqf.o)
    0x08008a3c   0x08008a3c   0x000001d4   Code   RO          716    x$fpl$dsub          fz_ws.l(daddsub_clz.o)
    0x08008c10   0x08008c10   0x00000056   Code   RO          744    x$fpl$f2d           fz_ws.l(f2d.o)
    0x08008c66   0x08008c66   0x00000002   PAD
    0x08008c68   0x08008c68   0x000000c4   Code   RO          746    x$fpl$fadd          fz_ws.l(faddsub_clz.o)
    0x08008d2c   0x08008d2c   0x00000018   Code   RO          805    x$fpl$fcmpinf       fz_ws.l(fcmpi.o)
    0x08008d44   0x08008d44   0x00000184   Code   RO          753    x$fpl$fdiv          fz_ws.l(fdiv.o)
    0x08008ec8   0x08008ec8   0x00000068   Code   RO          756    x$fpl$feqf          fz_ws.l(feqf.o)
    0x08008f30   0x08008f30   0x00000036   Code   RO          758    x$fpl$ffix          fz_ws.l(ffix.o)
    0x08008f66   0x08008f66   0x00000002   PAD
    0x08008f68   0x08008f68   0x00000030   Code   RO          767    x$fpl$fflt          fz_ws.l(fflt_clz.o)
    0x08008f98   0x08008f98   0x00000026   Code   RO          766    x$fpl$ffltu         fz_ws.l(fflt_clz.o)
    0x08008fbe   0x08008fbe   0x00000002   PAD
    0x08008fc0   0x08008fc0   0x00000068   Code   RO          772    x$fpl$fleqf         fz_ws.l(fleqf.o)
    0x08009028   0x08009028   0x00000102   Code   RO          774    x$fpl$fmul          fz_ws.l(fmul.o)
    0x0800912a   0x0800912a   0x0000008c   Code   RO          807    x$fpl$fnaninf       fz_ws.l(fnaninf.o)
    0x080091b6   0x080091b6   0x0000000a   Code   RO          809    x$fpl$fretinf       fz_ws.l(fretinf.o)
    0x080091c0   0x080091c0   0x00000062   Code   RO          776    x$fpl$frleqf        fz_ws.l(frleqf.o)
    0x08009222   0x08009222   0x00000014   Code   RO          747    x$fpl$frsb          fz_ws.l(faddsub_clz.o)
    0x08009236   0x08009236   0x00000002   PAD
    0x08009238   0x08009238   0x000000ea   Code   RO          748    x$fpl$fsub          fz_ws.l(faddsub_clz.o)
    0x08009322   0x08009322   0x00000000   Code   RO          813    x$fpl$usenofp       fz_ws.l(usenofp.o)
    0x08009322   0x08009322   0x00000002   PAD
    0x08009324   0x08009324   0x00000009   Data   RO          470    .constdata          stm32f10x_it.o
    0x0800932d   0x0800932d   0x00000003   PAD
    0x08009330   0x08009330   0x00000020   Data   RO          971    Region$$Table       anon$$obj.o


    Execution Region RW_IRAM1 (Exec base: 0x20000000, Load base: 0x08009350, Size: 0x00000d70, Max: 0x00010000, ABSOLUTE)

    Exec Addr    Load Addr    Size         Type   Attr      Idx    E Section Name        Object

    0x20000000   0x08009350   0x00000014   Data   RW           25    .data               system_stm32f10x.o
    0x20000014   0x08009364   0x00000014   Data   RW          328    .data               stm32f10x_rcc.o
    0x20000028   0x08009378   0x00000038   Data   RW          420    .data               main.o
    0x20000060   0x080093b0   0x00000014   Data   RW          471    .data               stm32f10x_it.o
    0x20000074   0x080093c4   0x00000020   Data   RW          558    .data               dbus.o
    0x20000094   0x080093e4   0x00000069   Data   RW          580    .data               dji_motor.o
    0x200000fd   0x0800944d   0x00000006   Data   RW          659    .data               yn800.o
    0x20000103   0x08009453   0x00000001   PAD
    0x20000104        -       0x0000028c   Zero   RW          469    .bss                stm32f10x_it.o
    0x20000390        -       0x00000019   Zero   RW          530    .bss                bsp_uart.o
    0x200003a9   0x08009453   0x00000001   PAD
    0x200003aa        -       0x0000006e   Zero   RW          557    .bss                dbus.o
    0x20000418        -       0x000002f8   Zero   RW          579    .bss                dji_motor.o
    0x20000710        -       0x00000060   Zero   RW          835    .bss                c_w.l(libspace.o)
    0x20000770        -       0x00000200   Zero   RW            2    HEAP                startup_stm32f10x_hd.o
    0x20000970        -       0x00000400   Zero   RW            1    STACK               startup_stm32f10x_hd.o


==============================================================================

Image component sizes


      Code (inc. data)   RO Data    RW Data    ZI Data      Debug   Object Name

       224          8          0          0          0       1087   adc.o
      2252         74          0          0         25       7978   bsp_uart.o
         0          0          0          0          0       4500   core_cm3.o
      2352        158          0         32        110       3621   dbus.o
      4676        352          0        105        760      12258   dji_motor.o
      2728        282          0         56          0       8953   main.o
       220         22          0          0          0       1973   misc.o
        64         26        304          0       1536        928   startup_stm32f10x_hd.o
      2434         56          0          0          0      13169   stm32f10x_adc.o
      2904         46          0          0          0       9239   stm32f10x_can.o
       272         16          0          0          0      16507   stm32f10x_delay.o
       596          8          0          0          0       4538   stm32f10x_dma.o
       284         10          0          0          0       2427   stm32f10x_exti.o
      1568         42          0          0          0       7680   stm32f10x_gpio.o
      1412        138          9         20        652       7099   stm32f10x_it.o
      3544         90          0          0          0       3162   stm32f10x_pwm.o
       932         36          0         20          0       9160   stm32f10x_rcc.o
      4594        126          0          0          0      24363   stm32f10x_tim.o
      1032         22          0          0          0       8652   stm32f10x_usart.o
       480         38          0         20          0     280647   system_stm32f10x.o
         0          0          0          6          0       1266   yn800.o

    ----------------------------------------------------------------------
     32572       1550        348        260       3084     429207   Object Totals
         0          0         32          0          0          0   (incl. Generated)
         4          0          3          1          1          0   (incl. Padding)

    ----------------------------------------------------------------------

      Code (inc. data)   RO Data    RW Data    ZI Data      Debug   Library Member Name

         8          0          0          0          0         68   __main.o
         0          0          0          0          0          0   __rtentry.o
        12          0          0          0          0          0   __rtentry2.o
         6          0          0          0          0          0   __rtentry4.o
        52          8          0          0          0          0   __scatter.o
        26          0          0          0          0          0   __scatter_copy.o
        28          0          0          0          0          0   __scatter_zi.o
        18          0          0          0          0         80   exit.o
         6          0          0          0          0        152   heapauxi.o
         0          0          0          0          0          0   indicate_semi.o
         2          0          0          0          0          0   libinit.o
         2          0          0          0          0          0   libinit2.o
         2          0          0          0          0          0   libshutdown.o
         2          0          0          0          0          0   libshutdown2.o
         8          4          0          0         96         68   libspace.o
        78          0          0          0          0         80   rt_memclr_w.o
         2          0          0          0          0          0   rtexit.o
        10          0          0          0          0          0   rtexit2.o
        12          4          0          0          0         68   sys_exit.o
        74          0          0          0          0         80   sys_stackheap_outer.o
         2          0          0          0          0         68   use_no_semi.o
        98          4          0          0          0         92   d2f.o
       804         16          0          0          0        272   daddsub_clz.o
        24          0          0          0          0         68   dcmpi.o
       688        140          0          0          0        208   ddiv.o
        94          4          0          0          0         92   dfix.o
        90          4          0          0          0         92   dfixu.o
        84          0          0          0          0        136   dflt_clz.o
       120          4          0          0          0         92   dleqf.o
       340         12          0          0          0        104   dmul.o
       156          4          0          0          0         92   dnaninf.o
        12          0          0          0          0         68   dretinf.o
       108          0          0          0          0         80   drleqf.o
        86          4          0          0          0         84   f2d.o
       450          8          0          0          0        236   faddsub_clz.o
        24          0          0          0          0         68   fcmpi.o
       388         76          0          0          0         96   fdiv.o
       104          4          0          0          0         84   feqf.o
        54          4          0          0          0         84   ffix.o
        86          0          0          0          0        136   fflt_clz.o
       104          4          0          0          0         84   fleqf.o
       258          4          0          0          0         84   fmul.o
       140          4          0          0          0         84   fnaninf.o
        10          0          0          0          0         68   fretinf.o
        98          0          0          0          0         68   frleqf.o
         0          0          0          0          0          0   usenofp.o

    ----------------------------------------------------------------------
      4792        312          0          0         96       3236   Library Totals
        22          0          0          0          0          0   (incl. Padding)

    ----------------------------------------------------------------------

      Code (inc. data)   RO Data    RW Data    ZI Data      Debug   Library Name

       350         16          0          0         96        664   c_w.l
      4420        296          0          0          0       2572   fz_ws.l

    ----------------------------------------------------------------------
      4792        312          0          0         96       3236   Library Totals

    ----------------------------------------------------------------------

==============================================================================


      Code (inc. data)   RO Data    RW Data    ZI Data      Debug   

     37364       1862        348        260       3180     428695   Grand Totals
     37364       1862        348        260       3180     428695   ELF Image Totals
     37364       1862        348        260          0          0   ROM Totals

==============================================================================

    Total RO  Size (Code + RO Data)                37712 (  36.83kB)
    Total RW  Size (RW Data + ZI Data)              3440 (   3.36kB)
    Total ROM Size (Code + RO Data + RW Data)      37972 (  37.08kB)

==============================================================================

