<html>
<body>
<pre>
<h1>礦ision Build Log</h1>
<h2>Tool Versions:</h2>
IDE-Version: μVision V5.29.0.0
Copyright (C) 2019 ARM Ltd and ARM Germany GmbH. All rights reserved.
License Information: 1 X, 1, LIC=X96CK-ZTQ3Q-FW42N-YV1W0-ZRP71-LKXPY
 
Tool Versions:
Toolchain:       MDK-ARM Plus  Version: 5.29.0.0
Toolchain Path:  D:\MDK\ARM\ARMCC\Bin
C Compiler:      Armcc.exe V5.06 update 6 (build 750)
Assembler:       Armasm.exe V5.06 update 6 (build 750)
Linker/Locator:  ArmLink.exe V5.06 update 6 (build 750)
Library Manager: ArmAr.exe V5.06 update 6 (build 750)
Hex Converter:   FromElf.exe V5.06 update 6 (build 750)
CPU DLL:         SARMCM3.DLL V5.29.0.0
Dialog DLL:      DCM.DLL V1.17.3.0
Target DLL:      STLink\ST-LINKIII-KEIL_SWO.dll V3.0.7.0
Dialog DLL:      TCM.DLL V1.36.5.0
 
<h2>Project:</h2>
C:\Users\X\Desktop\KcgV4 git\V4  ID34（速度调为SW2则失控 要加一个串口发送指令才行？？？？）\Project\RVMDK（uv4）\iSO-STM32.uvprojx
Project File Date:  12/22/2021

<h2>Output:</h2>
*** Using Compiler 'V5.06 update 6 (build 750)', folder: 'D:\MDK\ARM\ARMCC\Bin'
Build target 'Led'
compiling stm32f10x_it.c...
..\..\User\stm32f10x_it.c(174): warning:  #177-D: variable "ctlPkg1"  was declared but never referenced
  	newPkg(4) ctlPkg1={8,0x90,0x90,0x30,0x00,{0x00,0x00,0x00,0x00}};//注意包格式
..\..\User\stm32f10x_it.c(189): warning:  #550-D: variable "clear"  was set but never used
  	uint8_t clear = 0;
..\..\User\stm32f10x_it.c(214): warning:  #177-D: variable "clear"  was declared but never referenced
  	uint8_t clear = 0;
..\..\User\stm32f10x_it.c: 3 warnings, 0 errors
linking...
Program Size: Code=37364 RO-data=348 RW-data=260 ZI-data=3180  
FromELF: creating hex file...
"..\..\Output\流水灯.axf" - 0 Error(s), 3 Warning(s).

<h2>Software Packages used:</h2>

Package Vendor: Keil
                http://www.keil.com/pack/Keil.STM32F1xx_DFP.2.3.0.pack
                Keil.STM32F1xx_DFP.2.3.0
                STMicroelectronics STM32F1 Series Device Support, Drivers and Examples

<h2>Collection of Component include folders:</h2>
  .\RTE\_Led
  D:\MDK\Keil\STM32F1xx_DFP\2.3.0\Device\Include

<h2>Collection of Component Files used:</h2>
Build Time Elapsed:  00:00:02
</pre>
</body>
</html>
